#
# There is insufficient memory for the Java Runtime Environment to continue.
# Native memory allocation (mmap) failed to map 65536 bytes for Failed to commit metaspace.
# Possible reasons:
#   The system is out of physical RAM or swap space
#   The process is running with CompressedOops enabled, and the Java Heap may be blocking the growth of the native heap
# Possible solutions:
#   Reduce memory load on the system
#   Increase physical memory or swap space
#   Check if swap backing store is full
#   Decrease Java heap size (-Xmx/-Xms)
#   Decrease number of Java threads
#   Decrease Java thread stack sizes (-Xss)
#   Set larger code cache with -XX:ReservedCodeCacheSize=
#   JVM is running with Unscaled Compressed Oops mode in which the Java heap is
#     placed in the first 4GB address space. The Java Heap base address is the
#     maximum limit for the native heap growth. Please use -XX:HeapBaseMinAddress
#     to set the Java Heap base and to place the Java Heap above 4GB virtual address.
# This output file may be truncated or incomplete.
#
#  Out of Memory Error (virtualSpaceNode.cpp:110), pid=6624, tid=22016
#
# JRE version: Java(TM) SE Runtime Environment (17.0.11+7) (build 17.0.11+7-LTS-207)
# Java VM: Java HotSpot(TM) 64-Bit Server VM (17.0.11+7-LTS-207, mixed mode, emulated-client, sharing, tiered, compressed oops, compressed class ptrs, g1 gc, windows-amd64)
# No core dump will be written. Minidumps are not enabled by default on client versions of Windows
#

---------------  S U M M A R Y ------------

Command Line: -XX:TieredStopAtLevel=1 com.dpc.user_service.UserServiceApplication

Host: Intel(R) Core(TM) i7-7500U CPU @ 2.70GHz, 4 cores, 7G,  Windows 10 , 64 bit Build 19041 (10.0.19041.5678)
Time: Mon Apr 28 11:02:41 2025 Romance Daylight Time elapsed time: 1630.787466 seconds (0d 0h 27m 10s)

---------------  T H R E A D  ---------------

Current thread (0x00000214f042ca80):  JavaThread "http-nio-9068-exec-3" daemon [_thread_in_vm, id=22016, stack(0x000000a10e800000,0x000000a10e900000)]

Stack: [0x000000a10e800000,0x000000a10e900000]
Native frames: (J=compiled Java code, j=interpreted, Vv=VM code, C=native code)
V  [jvm.dll+0x679cca]
V  [jvm.dll+0x7da13d]
V  [jvm.dll+0x7dba83]
V  [jvm.dll+0x7dc0f3]
V  [jvm.dll+0x2449af]
V  [jvm.dll+0x7d5d0b]
V  [jvm.dll+0x6200b6]
V  [jvm.dll+0x1be687]
V  [jvm.dll+0x622a12]
V  [jvm.dll+0x620a76]
V  [jvm.dll+0x369102]
V  [jvm.dll+0x1dfe0b]
V  [jvm.dll+0x53f1c5]
V  [jvm.dll+0x754fc8]
V  [jvm.dll+0x7550b4]
V  [jvm.dll+0x40cb9f]
V  [jvm.dll+0x413629]
C  [java.dll+0x17ec]

Java frames: (J=compiled Java code, j=interpreted, Vv=VM code)
J 1013  java.lang.ClassLoader.defineClass1(Ljava/lang/ClassLoader;Ljava/lang/String;[BIILjava/security/ProtectionDomain;Ljava/lang/String;)Ljava/lang/Class; java.base@17.0.11 (0 bytes) @ 0x00000214de81a863 [0x00000214de81a7a0+0x00000000000000c3]
J 6171 c1 java.lang.System$2.defineClass(Ljava/lang/ClassLoader;Ljava/lang/String;[BLjava/security/ProtectionDomain;Ljava/lang/String;)Ljava/lang/Class; java.base@17.0.11 (14 bytes) @ 0x00000214df0061f4 [0x00000214df0061a0+0x0000000000000054]
j  java.lang.reflect.Proxy$ProxyBuilder.defineProxyClass(Ljava/lang/Module;Ljava/util/List;)Ljava/lang/Class;+398 java.base@17.0.11
j  java.lang.reflect.Proxy$ProxyBuilder.build()Ljava/lang/reflect/Constructor;+8 java.base@17.0.11
j  java.lang.reflect.Proxy.lambda$getProxyConstructor$1(Ljava/lang/ClassLoader;Ljdk/internal/loader/AbstractClassLoaderValue$Sub;)Ljava/lang/reflect/Constructor;+15 java.base@17.0.11
j  java.lang.reflect.Proxy$$Lambda$208+0x00000214810a35b8.apply(Ljava/lang/Object;Ljava/lang/Object;)Ljava/lang/Object;+8 java.base@17.0.11
j  jdk.internal.loader.AbstractClassLoaderValue$Memoizer.get()Ljava/lang/Object;+75 java.base@17.0.11
J 2656 c1 jdk.internal.loader.AbstractClassLoaderValue.computeIfAbsent(Ljava/lang/ClassLoader;Ljava/util/function/BiFunction;)Ljava/lang/Object; java.base@17.0.11 (113 bytes) @ 0x00000214dea89394 [0x00000214dea890a0+0x00000000000002f4]
J 2667 c1 java.lang.reflect.Proxy.getProxyConstructor(Ljava/lang/Class;Ljava/lang/ClassLoader;[Ljava/lang/Class;)Ljava/lang/reflect/Constructor; java.base@17.0.11 (92 bytes) @ 0x00000214dea91bf4 [0x00000214dea919c0+0x0000000000000234]
J 2666 c1 java.lang.reflect.Proxy.newProxyInstance(Ljava/lang/ClassLoader;[Ljava/lang/Class;Ljava/lang/reflect/InvocationHandler;)Ljava/lang/Object; java.base@17.0.11 (35 bytes) @ 0x00000214dea914d4 [0x00000214dea91460+0x0000000000000074]
j  org.springframework.orm.jpa.SharedEntityManagerCreator$SharedEntityManagerInvocationHandler.invoke(Ljava/lang/Object;Ljava/lang/reflect/Method;[Ljava/lang/Object;)Ljava/lang/Object;+796
j  jdk.proxy2.$Proxy163.createQuery(Ljakarta/persistence/criteria/CriteriaQuery;)Ljakarta/persistence/TypedQuery;+16 jdk.proxy2
j  org.springframework.data.jpa.repository.query.PartTreeJpaQuery$QueryPreparer.createQuery(Ljakarta/persistence/criteria/CriteriaQuery;)Ljakarta/persistence/TypedQuery;+22
j  org.springframework.data.jpa.repository.query.PartTreeJpaQuery$QueryPreparer.createQuery(Lorg/springframework/data/jpa/repository/query/JpaParametersParameterAccessor;)Ljakarta/persistence/Query;+75
j  org.springframework.data.jpa.repository.query.PartTreeJpaQuery.doCreateQuery(Lorg/springframework/data/jpa/repository/query/JpaParametersParameterAccessor;)Ljakarta/persistence/Query;+5
j  org.springframework.data.jpa.repository.query.AbstractJpaQuery.createQuery(Lorg/springframework/data/jpa/repository/query/JpaParametersParameterAccessor;)Ljakarta/persistence/Query;+5
j  org.springframework.data.jpa.repository.query.JpaQueryExecution$SingleEntityExecution.doExecute(Lorg/springframework/data/jpa/repository/query/AbstractJpaQuery;Lorg/springframework/data/jpa/repository/query/JpaParametersParameterAccessor;)Ljava/lang/Object;+2
j  org.springframework.data.jpa.repository.query.JpaQueryExecution.execute(Lorg/springframework/data/jpa/repository/query/AbstractJpaQuery;Lorg/springframework/data/jpa/repository/query/JpaParametersParameterAccessor;)Ljava/lang/Object;+15
j  org.springframework.data.jpa.repository.query.AbstractJpaQuery.doExecute(Lorg/springframework/data/jpa/repository/query/JpaQueryExecution;[Ljava/lang/Object;)Ljava/lang/Object;+9
j  org.springframework.data.jpa.repository.query.AbstractJpaQuery.execute([Ljava/lang/Object;)Ljava/lang/Object;+6
j  org.springframework.data.repository.core.support.RepositoryMethodInvoker$RepositoryQueryMethodInvoker$$Lambda$1928+0x0000021481cc6100.invoke([Ljava/lang/Object;)Ljava/lang/Object;+5
j  org.springframework.data.repository.core.support.RepositoryMethodInvoker.doInvoke(Ljava/lang/Class;Lorg/springframework/data/repository/core/support/RepositoryInvocationMulticaster;[Ljava/lang/Object;)Ljava/lang/Object;+11
j  org.springframework.data.repository.core.support.RepositoryMethodInvoker.invoke(Ljava/lang/Class;Lorg/springframework/data/repository/core/support/RepositoryInvocationMulticaster;[Ljava/lang/Object;)Ljava/lang/Object;+4
j  org.springframework.data.repository.core.support.QueryExecutorMethodInterceptor.doInvoke(Lorg/aopalliance/intercept/MethodInvocation;)Ljava/lang/Object;+83
j  org.springframework.data.repository.core.support.QueryExecutorMethodInterceptor.invoke(Lorg/aopalliance/intercept/MethodInvocation;)Ljava/lang/Object;+46
j  org.springframework.aop.framework.ReflectiveMethodInvocation.proceed()Ljava/lang/Object;+120
j  org.springframework.data.projection.DefaultMethodInvokingMethodInterceptor.invoke(Lorg/aopalliance/intercept/MethodInvocation;)Ljava/lang/Object;+15
j  org.springframework.aop.framework.ReflectiveMethodInvocation.proceed()Ljava/lang/Object;+120
j  org.springframework.transaction.interceptor.TransactionInterceptor$$Lambda$1926+0x0000021481cc58a0.proceedWithInvocation()Ljava/lang/Object;+4
j  org.springframework.transaction.interceptor.TransactionAspectSupport.invokeWithinTransaction(Ljava/lang/reflect/Method;Ljava/lang/Class;Lorg/springframework/transaction/interceptor/TransactionAspectSupport$InvocationCallback;)Ljava/lang/Object;+193
j  org.springframework.transaction.interceptor.TransactionInterceptor.invoke(Lorg/aopalliance/intercept/MethodInvocation;)Ljava/lang/Object;+42
j  org.springframework.aop.framework.ReflectiveMethodInvocation.proceed()Ljava/lang/Object;+120
j  org.springframework.dao.support.PersistenceExceptionTranslationInterceptor.invoke(Lorg/aopalliance/intercept/MethodInvocation;)Ljava/lang/Object;+1
j  org.springframework.aop.framework.ReflectiveMethodInvocation.proceed()Ljava/lang/Object;+120
j  org.springframework.data.jpa.repository.support.CrudMethodMetadataPostProcessor$CrudMethodMetadataPopulatingMethodInterceptor.invoke(Lorg/aopalliance/intercept/MethodInvocation;)Ljava/lang/Object;+21
j  org.springframework.aop.framework.ReflectiveMethodInvocation.proceed()Ljava/lang/Object;+120
j  org.springframework.aop.framework.JdkDynamicAopProxy.invoke(Ljava/lang/Object;Ljava/lang/reflect/Method;[Ljava/lang/Object;)Ljava/lang/Object;+392
j  jdk.proxy2.$Proxy169.findByToken(Ljava/lang/String;)Ljava/util/Optional;+16 jdk.proxy2
j  com.dpc.user_service.configuration.JWTAuthenticationFilter.doFilterInternal(Ljakarta/servlet/http/HttpServletRequest;Ljakarta/servlet/http/HttpServletResponse;Ljakarta/servlet/FilterChain;)V+189
J 9499 c1 org.springframework.web.filter.OncePerRequestFilter.doFilter(Ljakarta/servlet/ServletRequest;Ljakarta/servlet/ServletResponse;Ljakarta/servlet/FilterChain;)V (178 bytes) @ 0x00000214df5448f4 [0x00000214df5442a0+0x0000000000000654]
J 9142 c1 org.springframework.security.web.FilterChainProxy$VirtualFilterChain.doFilter(Ljakarta/servlet/ServletRequest;Ljakarta/servlet/ServletResponse;)V (111 bytes) @ 0x00000214df42ac0c [0x00000214df42a840+0x00000000000003cc]
j  org.springframework.security.web.authentication.logout.LogoutFilter.doFilter(Ljakarta/servlet/http/HttpServletRequest;Ljakarta/servlet/http/HttpServletResponse;Ljakarta/servlet/FilterChain;)V+83
j  org.springframework.security.web.authentication.logout.LogoutFilter.doFilter(Ljakarta/servlet/ServletRequest;Ljakarta/servlet/ServletResponse;Ljakarta/servlet/FilterChain;)V+10
J 9142 c1 org.springframework.security.web.FilterChainProxy$VirtualFilterChain.doFilter(Ljakarta/servlet/ServletRequest;Ljakarta/servlet/ServletResponse;)V (111 bytes) @ 0x00000214df42ac0c [0x00000214df42a840+0x00000000000003cc]
j  org.springframework.security.web.header.HeaderWriterFilter.doHeadersAfter(Ljakarta/servlet/http/HttpServletRequest;Ljakarta/servlet/http/HttpServletResponse;Ljakarta/servlet/FilterChain;)V+29
j  org.springframework.security.web.header.HeaderWriterFilter.doFilterInternal(Ljakarta/servlet/http/HttpServletRequest;Ljakarta/servlet/http/HttpServletResponse;Ljakarta/servlet/FilterChain;)V+21
J 9499 c1 org.springframework.web.filter.OncePerRequestFilter.doFilter(Ljakarta/servlet/ServletRequest;Ljakarta/servlet/ServletResponse;Ljakarta/servlet/FilterChain;)V (178 bytes) @ 0x00000214df5448f4 [0x00000214df5442a0+0x0000000000000654]
J 9142 c1 org.springframework.security.web.FilterChainProxy$VirtualFilterChain.doFilter(Ljakarta/servlet/ServletRequest;Ljakarta/servlet/ServletResponse;)V (111 bytes) @ 0x00000214df42ac0c [0x00000214df42a840+0x00000000000003cc]
j  org.springframework.security.web.context.SecurityContextHolderFilter.doFilter(Ljakarta/servlet/http/HttpServletRequest;Ljakarta/servlet/http/HttpServletResponse;Ljakarta/servlet/FilterChain;)V+59
j  org.springframework.security.web.context.SecurityContextHolderFilter.doFilter(Ljakarta/servlet/ServletRequest;Ljakarta/servlet/ServletResponse;Ljakarta/servlet/FilterChain;)V+10
J 9142 c1 org.springframework.security.web.FilterChainProxy$VirtualFilterChain.doFilter(Ljakarta/servlet/ServletRequest;Ljakarta/servlet/ServletResponse;)V (111 bytes) @ 0x00000214df42ac0c [0x00000214df42a840+0x00000000000003cc]
j  org.springframework.security.web.context.request.async.WebAsyncManagerIntegrationFilter.doFilterInternal(Ljakarta/servlet/http/HttpServletRequest;Ljakarta/servlet/http/HttpServletResponse;Ljakarta/servlet/FilterChain;)V+55
J 9499 c1 org.springframework.web.filter.OncePerRequestFilter.doFilter(Ljakarta/servlet/ServletRequest;Ljakarta/servlet/ServletResponse;Ljakarta/servlet/FilterChain;)V (178 bytes) @ 0x00000214df5448f4 [0x00000214df5442a0+0x0000000000000654]
J 9142 c1 org.springframework.security.web.FilterChainProxy$VirtualFilterChain.doFilter(Ljakarta/servlet/ServletRequest;Ljakarta/servlet/ServletResponse;)V (111 bytes) @ 0x00000214df42ac0c [0x00000214df42a840+0x00000000000003cc]
j  org.springframework.security.web.session.DisableEncodeUrlFilter.doFilterInternal(Ljakarta/servlet/http/HttpServletRequest;Ljakarta/servlet/http/HttpServletResponse;Ljakarta/servlet/FilterChain;)V+10
J 9499 c1 org.springframework.web.filter.OncePerRequestFilter.doFilter(Ljakarta/servlet/ServletRequest;Ljakarta/servlet/ServletResponse;Ljakarta/servlet/FilterChain;)V (178 bytes) @ 0x00000214df5448f4 [0x00000214df5442a0+0x0000000000000654]
J 9142 c1 org.springframework.security.web.FilterChainProxy$VirtualFilterChain.doFilter(Ljakarta/servlet/ServletRequest;Ljakarta/servlet/ServletResponse;)V (111 bytes) @ 0x00000214df42ac0c [0x00000214df42a840+0x00000000000003cc]
j  org.springframework.security.web.FilterChainProxy.doFilterInternal(Ljakarta/servlet/ServletRequest;Ljakarta/servlet/ServletResponse;Ljakarta/servlet/FilterChain;)V+163
j  org.springframework.security.web.FilterChainProxy.doFilter(Ljakarta/servlet/ServletRequest;Ljakarta/servlet/ServletResponse;Ljakarta/servlet/FilterChain;)V+48
j  org.springframework.web.filter.CompositeFilter$VirtualFilterChain.doFilter(Ljakarta/servlet/ServletRequest;Ljakarta/servlet/ServletResponse;)V+63
j  org.springframework.web.servlet.handler.HandlerMappingIntrospector.lambda$createCacheFilter$3(Ljakarta/servlet/ServletRequest;Ljakarta/servlet/ServletResponse;Ljakarta/servlet/FilterChain;)V+13
j  org.springframework.web.servlet.handler.HandlerMappingIntrospector$$Lambda$1676+0x0000021481b4cce0.doFilter(Ljakarta/servlet/ServletRequest;Ljakarta/servlet/ServletResponse;Ljakarta/servlet/FilterChain;)V+7
j  org.springframework.web.filter.CompositeFilter$VirtualFilterChain.doFilter(Ljakarta/servlet/ServletRequest;Ljakarta/servlet/ServletResponse;)V+63
j  org.springframework.web.filter.CompositeFilter.doFilter(Ljakarta/servlet/ServletRequest;Ljakarta/servlet/ServletResponse;Ljakarta/servlet/FilterChain;)V+14
j  org.springframework.security.config.annotation.web.configuration.WebMvcSecurityConfiguration$CompositeFilterChainProxy.doFilter(Ljakarta/servlet/ServletRequest;Ljakarta/servlet/ServletResponse;Ljakarta/servlet/FilterChain;)V+7
j  org.springframework.web.filter.DelegatingFilterProxy.invokeDelegate(Ljakarta/servlet/Filter;Ljakarta/servlet/ServletRequest;Ljakarta/servlet/ServletResponse;Ljakarta/servlet/FilterChain;)V+5
j  org.springframework.web.filter.DelegatingFilterProxy.doFilter(Ljakarta/servlet/ServletRequest;Ljakarta/servlet/ServletResponse;Ljakarta/servlet/FilterChain;)V+98
j  org.apache.catalina.core.ApplicationFilterChain.internalDoFilter(Ljakarta/servlet/ServletRequest;Ljakarta/servlet/ServletResponse;)V+130
j  org.apache.catalina.core.ApplicationFilterChain.doFilter(Ljakarta/servlet/ServletRequest;Ljakarta/servlet/ServletResponse;)V+99
j  org.springframework.web.filter.CharacterEncodingFilter.doFilterInternal(Ljakarta/servlet/http/HttpServletRequest;Ljakarta/servlet/http/HttpServletResponse;Ljakarta/servlet/FilterChain;)V+53
J 9499 c1 org.springframework.web.filter.OncePerRequestFilter.doFilter(Ljakarta/servlet/ServletRequest;Ljakarta/servlet/ServletResponse;Ljakarta/servlet/FilterChain;)V (178 bytes) @ 0x00000214df5448f4 [0x00000214df5442a0+0x0000000000000654]
j  org.apache.catalina.core.ApplicationFilterChain.internalDoFilter(Ljakarta/servlet/ServletRequest;Ljakarta/servlet/ServletResponse;)V+130
j  org.apache.catalina.core.ApplicationFilterChain.doFilter(Ljakarta/servlet/ServletRequest;Ljakarta/servlet/ServletResponse;)V+99
j  org.apache.catalina.core.StandardWrapperValve.invoke(Lorg/apache/catalina/connector/Request;Lorg/apache/catalina/connector/Response;)V+514
j  org.apache.catalina.core.StandardContextValve.invoke(Lorg/apache/catalina/connector/Request;Lorg/apache/catalina/connector/Response;)V+169
j  org.apache.catalina.authenticator.AuthenticatorBase.invoke(Lorg/apache/catalina/connector/Request;Lorg/apache/catalina/connector/Response;)V+221
j  org.apache.catalina.core.StandardHostValve.invoke(Lorg/apache/catalina/connector/Request;Lorg/apache/catalina/connector/Response;)V+131
j  org.apache.catalina.valves.ErrorReportValve.invoke(Lorg/apache/catalina/connector/Request;Lorg/apache/catalina/connector/Response;)V+6
j  org.apache.catalina.core.StandardEngineValve.invoke(Lorg/apache/catalina/connector/Request;Lorg/apache/catalina/connector/Response;)V+59
j  org.apache.catalina.connector.CoyoteAdapter.service(Lorg/apache/coyote/Request;Lorg/apache/coyote/Response;)V+188
j  org.apache.coyote.http11.Http11Processor.service(Lorg/apache/tomcat/util/net/SocketWrapperBase;)Lorg/apache/tomcat/util/net/AbstractEndpoint$Handler$SocketState;+796
j  org.apache.coyote.AbstractProcessorLight.process(Lorg/apache/tomcat/util/net/SocketWrapperBase;Lorg/apache/tomcat/util/net/SocketEvent;)Lorg/apache/tomcat/util/net/AbstractEndpoint$Handler$SocketState;+155
j  org.apache.coyote.AbstractProtocol$ConnectionHandler.process(Lorg/apache/tomcat/util/net/SocketWrapperBase;Lorg/apache/tomcat/util/net/SocketEvent;)Lorg/apache/tomcat/util/net/AbstractEndpoint$Handler$SocketState;+482
j  org.apache.tomcat.util.net.NioEndpoint$SocketProcessor.doRun()V+249
j  org.apache.tomcat.util.net.SocketProcessorBase.run()V+32
j  org.apache.tomcat.util.threads.ThreadPoolExecutor.runWorker(Lorg/apache/tomcat/util/threads/ThreadPoolExecutor$Worker;)V+92
j  org.apache.tomcat.util.threads.ThreadPoolExecutor$Worker.run()V+5
j  org.apache.tomcat.util.threads.TaskThread$WrappingRunnable.run()V+4
j  java.lang.Thread.run()V+11 java.base@17.0.11
v  ~StubRoutines::call_stub

---------------  P R O C E S S  ---------------

Threads class SMR info:
_java_thread_list=0x00000214f05f1220, length=38, elements={
0x00000214e8b3d990, 0x00000214e8b3e810, 0x00000214e8b542e0, 0x00000214e8b55eb0,
0x00000214e8b58880, 0x00000214e8b59240, 0x00000214e8b59c00, 0x00000214e8b5b610,
0x00000214ed15edd0, 0x00000214ed16c0e0, 0x00000214eeb38030, 0x00000214eebce050,
0x00000214ef66f040, 0x00000214ef66f520, 0x00000214ef723040, 0x00000214f02482c0,
0x00000214f042edf0, 0x00000214f042c060, 0x00000214f042f300, 0x00000214f042f810,
0x00000214f042c570, 0x00000214f042dec0, 0x00000214f042ca80, 0x00000214f042cf90,
0x00000214f042e8e0, 0x00000214f042d4a0, 0x00000214f042d9b0, 0x00000214f042e3d0,
0x00000214f0536d30, 0x00000214f053a4e0, 0x00000214f0537240, 0x00000214f0537c60,
0x00000214f05344b0, 0x00000214f0533a90, 0x00000214f0537750, 0x00000214f0539fd0,
0x00000214f0533070, 0x00000214f053a9f0
}

Java Threads: ( => current thread )
  0x00000214e8b3d990 JavaThread "Reference Handler" daemon [_thread_blocked, id=18192, stack(0x000000a10c900000,0x000000a10ca00000)]
  0x00000214e8b3e810 JavaThread "Finalizer" daemon [_thread_blocked, id=11348, stack(0x000000a10ca00000,0x000000a10cb00000)]
  0x00000214e8b542e0 JavaThread "Signal Dispatcher" daemon [_thread_blocked, id=19156, stack(0x000000a10cb00000,0x000000a10cc00000)]
  0x00000214e8b55eb0 JavaThread "Attach Listener" daemon [_thread_blocked, id=972, stack(0x000000a10cc00000,0x000000a10cd00000)]
  0x00000214e8b58880 JavaThread "Service Thread" daemon [_thread_blocked, id=19016, stack(0x000000a10cd00000,0x000000a10ce00000)]
  0x00000214e8b59240 JavaThread "Monitor Deflation Thread" daemon [_thread_blocked, id=9576, stack(0x000000a10ce00000,0x000000a10cf00000)]
  0x00000214e8b59c00 JavaThread "C1 CompilerThread0" daemon [_thread_blocked, id=18768, stack(0x000000a10cf00000,0x000000a10d000000)]
  0x00000214e8b5b610 JavaThread "Sweeper thread" daemon [_thread_blocked, id=19412, stack(0x000000a10d000000,0x000000a10d100000)]
  0x00000214ed15edd0 JavaThread "Notification Thread" daemon [_thread_blocked, id=21640, stack(0x000000a10d100000,0x000000a10d200000)]
  0x00000214ed16c0e0 JavaThread "Common-Cleaner" daemon [_thread_blocked, id=15184, stack(0x000000a10d300000,0x000000a10d400000)]
  0x00000214eeb38030 JavaThread "PostgreSQL-JDBC-Cleaner" daemon [_thread_blocked, id=13444, stack(0x000000a10d800000,0x000000a10d900000)]
  0x00000214eebce050 JavaThread "HikariPool-1 housekeeper" daemon [_thread_blocked, id=17928, stack(0x000000a10d900000,0x000000a10da00000)]
  0x00000214ef66f040 JavaThread "Catalina-utility-1" [_thread_blocked, id=15532, stack(0x000000a10db00000,0x000000a10dc00000)]
  0x00000214ef66f520 JavaThread "Catalina-utility-2" [_thread_blocked, id=3664, stack(0x000000a10dc00000,0x000000a10dd00000)]
  0x00000214ef723040 JavaThread "container-0" [_thread_blocked, id=16660, stack(0x000000a10dd00000,0x000000a10de00000)]
  0x00000214f02482c0 JavaThread "spectator-gauge-polling-0" daemon [_thread_blocked, id=11600, stack(0x000000a10e100000,0x000000a10e200000)]
  0x00000214f042edf0 JavaThread "AsyncResolver-bootstrap-%d" daemon [_thread_blocked, id=5776, stack(0x000000a10e200000,0x000000a10e300000)]
  0x00000214f042c060 JavaThread "DiscoveryClient-%d" daemon [_thread_blocked, id=17824, stack(0x000000a10e300000,0x000000a10e400000)]
  0x00000214f042f300 JavaThread "DiscoveryClient-%d" daemon [_thread_blocked, id=20504, stack(0x000000a10e400000,0x000000a10e500000)]
  0x00000214f042f810 JavaThread "DiscoveryClient-InstanceInfoReplicator-%d" daemon [_thread_blocked, id=17776, stack(0x000000a10e500000,0x000000a10e600000)]
  0x00000214f042c570 JavaThread "http-nio-9068-exec-1" daemon [_thread_in_native, id=1644, stack(0x000000a10e600000,0x000000a10e700000)]
  0x00000214f042dec0 JavaThread "http-nio-9068-exec-2" daemon [_thread_blocked, id=15172, stack(0x000000a10e700000,0x000000a10e800000)]
=>0x00000214f042ca80 JavaThread "http-nio-9068-exec-3" daemon [_thread_in_vm, id=22016, stack(0x000000a10e800000,0x000000a10e900000)]
  0x00000214f042cf90 JavaThread "http-nio-9068-exec-4" daemon [_thread_blocked, id=9740, stack(0x000000a10e900000,0x000000a10ea00000)]
  0x00000214f042e8e0 JavaThread "http-nio-9068-exec-5" daemon [_thread_blocked, id=14632, stack(0x000000a10ea00000,0x000000a10eb00000)]
  0x00000214f042d4a0 JavaThread "http-nio-9068-exec-6" daemon [_thread_blocked, id=18856, stack(0x000000a10eb00000,0x000000a10ec00000)]
  0x00000214f042d9b0 JavaThread "http-nio-9068-exec-7" daemon [_thread_blocked, id=13944, stack(0x000000a10ec00000,0x000000a10ed00000)]
  0x00000214f042e3d0 JavaThread "http-nio-9068-exec-8" daemon [_thread_blocked, id=13288, stack(0x000000a10ed00000,0x000000a10ee00000)]
  0x00000214f0536d30 JavaThread "http-nio-9068-exec-9" daemon [_thread_blocked, id=8816, stack(0x000000a10ee00000,0x000000a10ef00000)]
  0x00000214f053a4e0 JavaThread "http-nio-9068-exec-10" daemon [_thread_blocked, id=15308, stack(0x000000a10ef00000,0x000000a10f000000)]
  0x00000214f0537240 JavaThread "http-nio-9068-Poller" daemon [_thread_in_native, id=6720, stack(0x000000a10f000000,0x000000a10f100000)]
  0x00000214f0537c60 JavaThread "http-nio-9068-Acceptor" daemon [_thread_in_native, id=21136, stack(0x000000a10f100000,0x000000a10f200000)]
  0x00000214f05344b0 JavaThread "DestroyJavaVM" [_thread_blocked, id=10216, stack(0x000000a10c200000,0x000000a10c300000)]
  0x00000214f0533a90 JavaThread "DiscoveryClient-CacheRefreshExecutor-%d" daemon [_thread_blocked, id=22196, stack(0x000000a10c000000,0x000000a10c100000)]
  0x00000214f0537750 JavaThread "DiscoveryClient-HeartbeatExecutor-%d" daemon [_thread_blocked, id=19700, stack(0x000000a10c100000,0x000000a10c200000)]
  0x00000214f0539fd0 JavaThread "AsyncResolver-bootstrap-executor-%d" daemon [_thread_blocked, id=21692, stack(0x000000a10f200000,0x000000a10f300000)]
  0x00000214f0533070 JavaThread "HikariPool-1 connection closer" daemon [_thread_blocked, id=10364, stack(0x000000a10da00000,0x000000a10db00000)]
  0x00000214f053a9f0 JavaThread "HikariPool-1 connection adder" daemon [_thread_in_Java, id=15900, stack(0x000000a10de00000,0x000000a10df00000)]

Other Threads:
  0x00000214e8b36d20 VMThread "VM Thread" [stack: 0x000000a10c800000,0x000000a10c900000] [id=16240]
  0x00000214ed1674f0 WatcherThread [stack: 0x000000a10d200000,0x000000a10d300000] [id=1472]
  0x00000214d5574930 GCTaskThread "GC Thread#0" [stack: 0x000000a10c300000,0x000000a10c400000] [id=14376]
  0x00000214ed641000 GCTaskThread "GC Thread#1" [stack: 0x000000a10d400000,0x000000a10d500000] [id=3872]
  0x00000214ed64f740 GCTaskThread "GC Thread#2" [stack: 0x000000a10d500000,0x000000a10d600000] [id=18916]
  0x00000214edac6030 GCTaskThread "GC Thread#3" [stack: 0x000000a10d600000,0x000000a10d700000] [id=8372]
  0x00000214d5585500 ConcurrentGCThread "G1 Main Marker" [stack: 0x000000a10c400000,0x000000a10c500000] [id=20776]
  0x00000214d5586f20 ConcurrentGCThread "G1 Conc#0" [stack: 0x000000a10c500000,0x000000a10c600000] [id=20404]
  0x00000214d55cc920 ConcurrentGCThread "G1 Refine#0" [stack: 0x000000a10c600000,0x000000a10c700000] [id=21720]
  0x00000214d55cd350 ConcurrentGCThread "G1 Service" [stack: 0x000000a10c700000,0x000000a10c800000] [id=22012]

Threads with active compile tasks:

VM state: not at safepoint (normal execution)

VM Mutex/Monitor currently owned by a thread:  ([mutex/lock_event])
[0x00000214d55079c0] Metaspace_lock - owner thread: 0x00000214f042ca80

Heap address: 0x0000000081c00000, size: 2020 MB, Compressed Oops mode: 32-bit

CDS archive(s) mapped at: [0x0000021480000000-0x0000021480bd0000-0x0000021480bd0000), size 12386304, SharedBaseAddress: 0x0000021480000000, ArchiveRelocationMode: 1.
Compressed class space mapped at: 0x0000021481000000-0x00000214c1000000, reserved size: 1073741824
Narrow klass base: 0x0000021480000000, Narrow klass shift: 0, Narrow klass range: 0x100000000

GC Precious Log:
 CPUs: 4 total, 4 available
 Memory: 8073M
 Large Page Support: Disabled
 NUMA Support: Disabled
 Compressed Oops: Enabled (32-bit)
 Heap Region Size: 1M
 Heap Min Capacity: 8M
 Heap Initial Capacity: 128M
 Heap Max Capacity: 2020M
 Pre-touch: Disabled
 Parallel Workers: 4
 Concurrent Workers: 1
 Concurrent Refinement Workers: 4
 Periodic GC: Disabled

Heap:
 garbage-first heap   total 174080K, used 105013K [0x0000000081c00000, 0x0000000100000000)
  region size 1024K, 52 young (53248K), 4 survivors (4096K)
 Metaspace       used 92963K, committed 93632K, reserved 1179648K
  class space    used 13495K, committed 13824K, reserved 1048576K

Heap Regions: E=young(eden), S=young(survivor), O=old, HS=humongous(starts), HC=humongous(continues), CS=collection set, F=free, OA=open archive, CA=closed archive, TAMS=top-at-mark-start (previous, next)
|   0|0x0000000081c00000, 0x0000000081d00000, 0x0000000081d00000|100%|HS|  |TAMS 0x0000000081d00000, 0x0000000081c00000| Complete 
|   1|0x0000000081d00000, 0x0000000081e00000, 0x0000000081e00000|100%|HS|  |TAMS 0x0000000081e00000, 0x0000000081d00000| Complete 
|   2|0x0000000081e00000, 0x0000000081f00000, 0x0000000081f00000|100%|HS|  |TAMS 0x0000000081f00000, 0x0000000081e00000| Complete 
|   3|0x0000000081f00000, 0x0000000082000000, 0x0000000082000000|100%| O|  |TAMS 0x0000000082000000, 0x0000000081f00000| Untracked 
|   4|0x0000000082000000, 0x0000000082100000, 0x0000000082100000|100%| O|  |TAMS 0x0000000082100000, 0x0000000082000000| Untracked 
|   5|0x0000000082100000, 0x0000000082200000, 0x0000000082200000|100%| O|  |TAMS 0x0000000082200000, 0x0000000082100000| Untracked 
|   6|0x0000000082200000, 0x0000000082300000, 0x0000000082300000|100%| O|  |TAMS 0x0000000082300000, 0x0000000082200000| Untracked 
|   7|0x0000000082300000, 0x0000000082400000, 0x0000000082400000|100%| O|  |TAMS 0x0000000082400000, 0x0000000082300000| Untracked 
|   8|0x0000000082400000, 0x0000000082500000, 0x0000000082500000|100%| O|  |TAMS 0x0000000082500000, 0x0000000082400000| Untracked 
|   9|0x0000000082500000, 0x0000000082600000, 0x0000000082600000|100%| O|  |TAMS 0x0000000082600000, 0x0000000082500000| Untracked 
|  10|0x0000000082600000, 0x0000000082700000, 0x0000000082700000|100%| O|  |TAMS 0x0000000082700000, 0x0000000082600000| Untracked 
|  11|0x0000000082700000, 0x0000000082800000, 0x0000000082800000|100%| O|  |TAMS 0x0000000082800000, 0x0000000082700000| Untracked 
|  12|0x0000000082800000, 0x0000000082900000, 0x0000000082900000|100%| O|  |TAMS 0x0000000082900000, 0x0000000082800000| Untracked 
|  13|0x0000000082900000, 0x0000000082a00000, 0x0000000082a00000|100%| O|  |TAMS 0x0000000082a00000, 0x0000000082900000| Untracked 
|  14|0x0000000082a00000, 0x0000000082b00000, 0x0000000082b00000|100%| O|  |TAMS 0x0000000082b00000, 0x0000000082a00000| Untracked 
|  15|0x0000000082b00000, 0x0000000082c00000, 0x0000000082c00000|100%| O|  |TAMS 0x0000000082c00000, 0x0000000082b00000| Untracked 
|  16|0x0000000082c00000, 0x0000000082d00000, 0x0000000082d00000|100%| O|  |TAMS 0x0000000082d00000, 0x0000000082c00000| Untracked 
|  17|0x0000000082d00000, 0x0000000082e00000, 0x0000000082e00000|100%| O|  |TAMS 0x0000000082e00000, 0x0000000082d00000| Untracked 
|  18|0x0000000082e00000, 0x0000000082f00000, 0x0000000082f00000|100%| O|  |TAMS 0x0000000082f00000, 0x0000000082e00000| Untracked 
|  19|0x0000000082f00000, 0x0000000083000000, 0x0000000083000000|100%| O|  |TAMS 0x0000000083000000, 0x0000000082f00000| Untracked 
|  20|0x0000000083000000, 0x0000000083100000, 0x0000000083100000|100%| O|  |TAMS 0x0000000083100000, 0x0000000083000000| Untracked 
|  21|0x0000000083100000, 0x0000000083200000, 0x0000000083200000|100%| O|  |TAMS 0x0000000083200000, 0x0000000083100000| Untracked 
|  22|0x0000000083200000, 0x0000000083300000, 0x0000000083300000|100%| O|  |TAMS 0x0000000083300000, 0x0000000083200000| Untracked 
|  23|0x0000000083300000, 0x0000000083400000, 0x0000000083400000|100%| O|  |TAMS 0x0000000083400000, 0x0000000083300000| Untracked 
|  24|0x0000000083400000, 0x0000000083500000, 0x0000000083500000|100%| O|  |TAMS 0x0000000083500000, 0x0000000083400000| Untracked 
|  25|0x0000000083500000, 0x0000000083600000, 0x0000000083600000|100%| O|  |TAMS 0x0000000083600000, 0x0000000083500000| Untracked 
|  26|0x0000000083600000, 0x0000000083700000, 0x0000000083700000|100%| O|  |TAMS 0x0000000083600000, 0x0000000083600000| Untracked 
|  27|0x0000000083700000, 0x0000000083800000, 0x0000000083800000|100%| O|  |TAMS 0x0000000083800000, 0x0000000083700000| Untracked 
|  28|0x0000000083800000, 0x0000000083900000, 0x0000000083900000|100%| O|  |TAMS 0x0000000083900000, 0x0000000083800000| Untracked 
|  29|0x0000000083900000, 0x0000000083a00000, 0x0000000083a00000|100%| O|  |TAMS 0x0000000083a00000, 0x0000000083900000| Untracked 
|  30|0x0000000083a00000, 0x0000000083b00000, 0x0000000083b00000|100%| O|  |TAMS 0x0000000083b00000, 0x0000000083a00000| Untracked 
|  31|0x0000000083b00000, 0x0000000083c00000, 0x0000000083c00000|100%| O|  |TAMS 0x0000000083c00000, 0x0000000083b00000| Untracked 
|  32|0x0000000083c00000, 0x0000000083d00000, 0x0000000083d00000|100%| O|  |TAMS 0x0000000083d00000, 0x0000000083c00000| Untracked 
|  33|0x0000000083d00000, 0x0000000083e00000, 0x0000000083e00000|100%| O|  |TAMS 0x0000000083e00000, 0x0000000083d00000| Untracked 
|  34|0x0000000083e00000, 0x0000000083f00000, 0x0000000083f00000|100%| O|  |TAMS 0x0000000083f00000, 0x0000000083e00000| Untracked 
|  35|0x0000000083f00000, 0x0000000084000000, 0x0000000084000000|100%| O|  |TAMS 0x0000000084000000, 0x0000000083f00000| Untracked 
|  36|0x0000000084000000, 0x0000000084100000, 0x0000000084100000|100%| O|  |TAMS 0x0000000084100000, 0x0000000084000000| Untracked 
|  37|0x0000000084100000, 0x0000000084200000, 0x0000000084200000|100%| O|  |TAMS 0x0000000084200000, 0x0000000084100000| Untracked 
|  38|0x0000000084200000, 0x0000000084300000, 0x0000000084300000|100%| O|  |TAMS 0x0000000084300000, 0x0000000084200000| Untracked 
|  39|0x0000000084300000, 0x0000000084400000, 0x0000000084400000|100%| O|  |TAMS 0x0000000084400000, 0x0000000084300000| Untracked 
|  40|0x0000000084400000, 0x0000000084500000, 0x0000000084500000|100%| O|  |TAMS 0x0000000084500000, 0x0000000084400000| Untracked 
|  41|0x0000000084500000, 0x0000000084600000, 0x0000000084600000|100%| O|  |TAMS 0x0000000084600000, 0x0000000084500000| Untracked 
|  42|0x0000000084600000, 0x0000000084700000, 0x0000000084700000|100%| O|  |TAMS 0x0000000084700000, 0x0000000084600000| Untracked 
|  43|0x0000000084700000, 0x0000000084800000, 0x0000000084800000|100%| O|  |TAMS 0x0000000084800000, 0x0000000084700000| Untracked 
|  44|0x0000000084800000, 0x0000000084800000, 0x0000000084900000|  0%| F|  |TAMS 0x0000000084800000, 0x0000000084800000| Untracked 
|  45|0x0000000084900000, 0x0000000084a00000, 0x0000000084a00000|100%| O|  |TAMS 0x0000000084900000, 0x0000000084900000| Untracked 
|  46|0x0000000084a00000, 0x0000000084b00000, 0x0000000084b00000|100%| O|  |TAMS 0x0000000084a00000, 0x0000000084a00000| Untracked 
|  47|0x0000000084b00000, 0x0000000084c00000, 0x0000000084c00000|100%| O|  |TAMS 0x0000000084c00000, 0x0000000084b00000| Untracked 
|  48|0x0000000084c00000, 0x0000000084d00000, 0x0000000084d00000|100%| O|  |TAMS 0x0000000084d00000, 0x0000000084c00000| Untracked 
|  49|0x0000000084d00000, 0x0000000084e00000, 0x0000000084e00000|100%| O|  |TAMS 0x0000000084e00000, 0x0000000084d00000| Untracked 
|  50|0x0000000084e00000, 0x0000000084f00000, 0x0000000084f00000|100%| O|  |TAMS 0x0000000084e00000, 0x0000000084e00000| Untracked 
|  51|0x0000000084f00000, 0x0000000085000000, 0x0000000085000000|100%| O|  |TAMS 0x0000000084f00000, 0x0000000084f00000| Untracked 
|  52|0x0000000085000000, 0x0000000085100000, 0x0000000085100000|100%| O|  |TAMS 0x0000000085000000, 0x0000000085000000| Untracked 
|  53|0x0000000085100000, 0x000000008519d400, 0x0000000085200000| 61%| O|  |TAMS 0x0000000085100000, 0x0000000085100000| Untracked 
|  54|0x0000000085200000, 0x0000000085200000, 0x0000000085300000|  0%| F|  |TAMS 0x0000000085200000, 0x0000000085200000| Untracked 
|  55|0x0000000085300000, 0x0000000085300000, 0x0000000085400000|  0%| F|  |TAMS 0x0000000085300000, 0x0000000085300000| Untracked 
|  56|0x0000000085400000, 0x0000000085400000, 0x0000000085500000|  0%| F|  |TAMS 0x0000000085400000, 0x0000000085400000| Untracked 
|  57|0x0000000085500000, 0x0000000085500000, 0x0000000085600000|  0%| F|  |TAMS 0x0000000085500000, 0x0000000085500000| Untracked 
|  58|0x0000000085600000, 0x0000000085600000, 0x0000000085700000|  0%| F|  |TAMS 0x0000000085600000, 0x0000000085600000| Untracked 
|  59|0x0000000085700000, 0x0000000085700000, 0x0000000085800000|  0%| F|  |TAMS 0x0000000085700000, 0x0000000085700000| Untracked 
|  60|0x0000000085800000, 0x0000000085800000, 0x0000000085900000|  0%| F|  |TAMS 0x0000000085800000, 0x0000000085800000| Untracked 
|  61|0x0000000085900000, 0x0000000085900000, 0x0000000085a00000|  0%| F|  |TAMS 0x0000000085900000, 0x0000000085900000| Untracked 
|  62|0x0000000085a00000, 0x0000000085a00000, 0x0000000085b00000|  0%| F|  |TAMS 0x0000000085a00000, 0x0000000085a00000| Untracked 
|  63|0x0000000085b00000, 0x0000000085b00000, 0x0000000085c00000|  0%| F|  |TAMS 0x0000000085b00000, 0x0000000085b00000| Untracked 
|  64|0x0000000085c00000, 0x0000000085c00000, 0x0000000085d00000|  0%| F|  |TAMS 0x0000000085c00000, 0x0000000085c00000| Untracked 
|  65|0x0000000085d00000, 0x0000000085d00000, 0x0000000085e00000|  0%| F|  |TAMS 0x0000000085d00000, 0x0000000085d00000| Untracked 
|  66|0x0000000085e00000, 0x0000000085e00000, 0x0000000085f00000|  0%| F|  |TAMS 0x0000000085e00000, 0x0000000085e00000| Untracked 
|  67|0x0000000085f00000, 0x0000000085f00000, 0x0000000086000000|  0%| F|  |TAMS 0x0000000085f00000, 0x0000000085f00000| Untracked 
|  68|0x0000000086000000, 0x0000000086000000, 0x0000000086100000|  0%| F|  |TAMS 0x0000000086000000, 0x0000000086000000| Untracked 
|  69|0x0000000086100000, 0x0000000086100000, 0x0000000086200000|  0%| F|  |TAMS 0x0000000086100000, 0x0000000086100000| Untracked 
|  70|0x0000000086200000, 0x0000000086200000, 0x0000000086300000|  0%| F|  |TAMS 0x0000000086200000, 0x0000000086200000| Untracked 
|  71|0x0000000086300000, 0x0000000086300000, 0x0000000086400000|  0%| F|  |TAMS 0x0000000086300000, 0x0000000086300000| Untracked 
|  72|0x0000000086400000, 0x0000000086400000, 0x0000000086500000|  0%| F|  |TAMS 0x0000000086400000, 0x0000000086400000| Untracked 
|  73|0x0000000086500000, 0x0000000086500000, 0x0000000086600000|  0%| F|  |TAMS 0x0000000086500000, 0x0000000086500000| Untracked 
|  74|0x0000000086600000, 0x0000000086600000, 0x0000000086700000|  0%| F|  |TAMS 0x0000000086600000, 0x0000000086600000| Untracked 
|  75|0x0000000086700000, 0x0000000086700000, 0x0000000086800000|  0%| F|  |TAMS 0x0000000086700000, 0x0000000086700000| Untracked 
|  76|0x0000000086800000, 0x0000000086800000, 0x0000000086900000|  0%| F|  |TAMS 0x0000000086800000, 0x0000000086800000| Untracked 
|  77|0x0000000086900000, 0x0000000086900000, 0x0000000086a00000|  0%| F|  |TAMS 0x0000000086900000, 0x0000000086900000| Untracked 
|  78|0x0000000086a00000, 0x0000000086a00000, 0x0000000086b00000|  0%| F|  |TAMS 0x0000000086a00000, 0x0000000086a00000| Untracked 
|  79|0x0000000086b00000, 0x0000000086b00000, 0x0000000086c00000|  0%| F|  |TAMS 0x0000000086b00000, 0x0000000086b00000| Untracked 
|  80|0x0000000086c00000, 0x0000000086c00000, 0x0000000086d00000|  0%| F|  |TAMS 0x0000000086c00000, 0x0000000086c00000| Untracked 
|  81|0x0000000086d00000, 0x0000000086d00000, 0x0000000086e00000|  0%| F|  |TAMS 0x0000000086d00000, 0x0000000086d00000| Untracked 
|  82|0x0000000086e00000, 0x0000000086e00000, 0x0000000086f00000|  0%| F|  |TAMS 0x0000000086e00000, 0x0000000086e00000| Untracked 
|  83|0x0000000086f00000, 0x0000000086f00000, 0x0000000087000000|  0%| F|  |TAMS 0x0000000086f00000, 0x0000000086f00000| Untracked 
|  84|0x0000000087000000, 0x0000000087000000, 0x0000000087100000|  0%| F|  |TAMS 0x0000000087000000, 0x0000000087000000| Untracked 
|  85|0x0000000087100000, 0x0000000087100000, 0x0000000087200000|  0%| F|  |TAMS 0x0000000087100000, 0x0000000087100000| Untracked 
|  86|0x0000000087200000, 0x0000000087200000, 0x0000000087300000|  0%| F|  |TAMS 0x0000000087200000, 0x0000000087200000| Untracked 
|  87|0x0000000087300000, 0x00000000873f01f0, 0x0000000087400000| 93%| S|CS|TAMS 0x0000000087300000, 0x0000000087300000| Complete 
|  88|0x0000000087400000, 0x0000000087500000, 0x0000000087500000|100%| S|CS|TAMS 0x0000000087400000, 0x0000000087400000| Complete 
|  89|0x0000000087500000, 0x0000000087600000, 0x0000000087600000|100%| S|CS|TAMS 0x0000000087500000, 0x0000000087500000| Complete 
|  90|0x0000000087600000, 0x0000000087700000, 0x0000000087700000|100%| S|CS|TAMS 0x0000000087600000, 0x0000000087600000| Complete 
|  91|0x0000000087700000, 0x0000000087700000, 0x0000000087800000|  0%| F|  |TAMS 0x0000000087700000, 0x0000000087700000| Untracked 
|  92|0x0000000087800000, 0x0000000087800000, 0x0000000087900000|  0%| F|  |TAMS 0x0000000087800000, 0x0000000087800000| Untracked 
|  93|0x0000000087900000, 0x0000000087900000, 0x0000000087a00000|  0%| F|  |TAMS 0x0000000087900000, 0x0000000087900000| Untracked 
|  94|0x0000000087a00000, 0x0000000087a00000, 0x0000000087b00000|  0%| F|  |TAMS 0x0000000087a00000, 0x0000000087a00000| Untracked 
|  95|0x0000000087b00000, 0x0000000087b00000, 0x0000000087c00000|  0%| F|  |TAMS 0x0000000087b00000, 0x0000000087b00000| Untracked 
|  96|0x0000000087c00000, 0x0000000087c00000, 0x0000000087d00000|  0%| F|  |TAMS 0x0000000087c00000, 0x0000000087c00000| Untracked 
|  97|0x0000000087d00000, 0x0000000087d00000, 0x0000000087e00000|  0%| F|  |TAMS 0x0000000087d00000, 0x0000000087d00000| Untracked 
|  98|0x0000000087e00000, 0x0000000087e00000, 0x0000000087f00000|  0%| F|  |TAMS 0x0000000087e00000, 0x0000000087e00000| Untracked 
|  99|0x0000000087f00000, 0x0000000087f00000, 0x0000000088000000|  0%| F|  |TAMS 0x0000000087f00000, 0x0000000087f00000| Untracked 
| 100|0x0000000088000000, 0x0000000088000000, 0x0000000088100000|  0%| F|  |TAMS 0x0000000088000000, 0x0000000088000000| Untracked 
| 101|0x0000000088100000, 0x0000000088100000, 0x0000000088200000|  0%| F|  |TAMS 0x0000000088100000, 0x0000000088100000| Untracked 
| 102|0x0000000088200000, 0x0000000088200000, 0x0000000088300000|  0%| F|  |TAMS 0x0000000088200000, 0x0000000088200000| Untracked 
| 103|0x0000000088300000, 0x0000000088300000, 0x0000000088400000|  0%| F|  |TAMS 0x0000000088300000, 0x0000000088300000| Untracked 
| 104|0x0000000088400000, 0x0000000088400000, 0x0000000088500000|  0%| F|  |TAMS 0x0000000088400000, 0x0000000088400000| Untracked 
| 105|0x0000000088500000, 0x0000000088500000, 0x0000000088600000|  0%| F|  |TAMS 0x0000000088500000, 0x0000000088500000| Untracked 
| 106|0x0000000088600000, 0x0000000088600000, 0x0000000088700000|  0%| F|  |TAMS 0x0000000088600000, 0x0000000088600000| Untracked 
| 107|0x0000000088700000, 0x0000000088700000, 0x0000000088800000|  0%| F|  |TAMS 0x0000000088700000, 0x0000000088700000| Untracked 
| 108|0x0000000088800000, 0x0000000088800000, 0x0000000088900000|  0%| F|  |TAMS 0x0000000088800000, 0x0000000088800000| Untracked 
| 109|0x0000000088900000, 0x0000000088900000, 0x0000000088a00000|  0%| F|  |TAMS 0x0000000088900000, 0x0000000088900000| Untracked 
| 110|0x0000000088a00000, 0x0000000088a00000, 0x0000000088b00000|  0%| F|  |TAMS 0x0000000088a00000, 0x0000000088a00000| Untracked 
| 111|0x0000000088b00000, 0x0000000088b00000, 0x0000000088c00000|  0%| F|  |TAMS 0x0000000088b00000, 0x0000000088b00000| Untracked 
| 112|0x0000000088c00000, 0x0000000088c00000, 0x0000000088d00000|  0%| F|  |TAMS 0x0000000088c00000, 0x0000000088c00000| Untracked 
| 113|0x0000000088d00000, 0x0000000088d00000, 0x0000000088e00000|  0%| F|  |TAMS 0x0000000088d00000, 0x0000000088d00000| Untracked 
| 114|0x0000000088e00000, 0x0000000088e00000, 0x0000000088f00000|  0%| F|  |TAMS 0x0000000088e00000, 0x0000000088e00000| Untracked 
| 115|0x0000000088f00000, 0x0000000088f00000, 0x0000000089000000|  0%| F|  |TAMS 0x0000000088f00000, 0x0000000088f00000| Untracked 
| 116|0x0000000089000000, 0x0000000089000000, 0x0000000089100000|  0%| F|  |TAMS 0x0000000089000000, 0x0000000089000000| Untracked 
| 117|0x0000000089100000, 0x0000000089100000, 0x0000000089200000|  0%| F|  |TAMS 0x0000000089100000, 0x0000000089100000| Untracked 
| 118|0x0000000089200000, 0x0000000089200000, 0x0000000089300000|  0%| F|  |TAMS 0x0000000089200000, 0x0000000089200000| Untracked 
| 119|0x0000000089300000, 0x0000000089300000, 0x0000000089400000|  0%| F|  |TAMS 0x0000000089300000, 0x0000000089300000| Untracked 
| 120|0x0000000089400000, 0x0000000089400000, 0x0000000089500000|  0%| F|  |TAMS 0x0000000089400000, 0x0000000089400000| Untracked 
| 121|0x0000000089500000, 0x0000000089500000, 0x0000000089600000|  0%| F|  |TAMS 0x0000000089500000, 0x0000000089500000| Untracked 
| 122|0x0000000089600000, 0x00000000896ac4b8, 0x0000000089700000| 67%| E|  |TAMS 0x0000000089600000, 0x0000000089600000| Complete 
| 123|0x0000000089700000, 0x0000000089800000, 0x0000000089800000|100%| E|CS|TAMS 0x0000000089700000, 0x0000000089700000| Complete 
| 124|0x0000000089800000, 0x0000000089900000, 0x0000000089900000|100%| E|CS|TAMS 0x0000000089800000, 0x0000000089800000| Complete 
| 125|0x0000000089900000, 0x0000000089a00000, 0x0000000089a00000|100%| E|CS|TAMS 0x0000000089900000, 0x0000000089900000| Complete 
| 126|0x0000000089a00000, 0x0000000089b00000, 0x0000000089b00000|100%| E|CS|TAMS 0x0000000089a00000, 0x0000000089a00000| Complete 
| 127|0x0000000089b00000, 0x0000000089c00000, 0x0000000089c00000|100%| E|CS|TAMS 0x0000000089b00000, 0x0000000089b00000| Complete 
| 128|0x0000000089c00000, 0x0000000089d00000, 0x0000000089d00000|100%| E|CS|TAMS 0x0000000089c00000, 0x0000000089c00000| Complete 
| 129|0x0000000089d00000, 0x0000000089e00000, 0x0000000089e00000|100%| E|CS|TAMS 0x0000000089d00000, 0x0000000089d00000| Complete 
| 130|0x0000000089e00000, 0x0000000089f00000, 0x0000000089f00000|100%| E|CS|TAMS 0x0000000089e00000, 0x0000000089e00000| Complete 
| 131|0x0000000089f00000, 0x000000008a000000, 0x000000008a000000|100%| E|CS|TAMS 0x0000000089f00000, 0x0000000089f00000| Complete 
| 132|0x000000008a000000, 0x000000008a100000, 0x000000008a100000|100%| E|CS|TAMS 0x000000008a000000, 0x000000008a000000| Complete 
| 133|0x000000008a100000, 0x000000008a200000, 0x000000008a200000|100%| E|CS|TAMS 0x000000008a100000, 0x000000008a100000| Complete 
| 134|0x000000008a200000, 0x000000008a300000, 0x000000008a300000|100%| E|  |TAMS 0x000000008a200000, 0x000000008a200000| Complete 
| 135|0x000000008a300000, 0x000000008a400000, 0x000000008a400000|100%| E|CS|TAMS 0x000000008a300000, 0x000000008a300000| Complete 
| 136|0x000000008a400000, 0x000000008a500000, 0x000000008a500000|100%| E|CS|TAMS 0x000000008a400000, 0x000000008a400000| Complete 
| 137|0x000000008a500000, 0x000000008a600000, 0x000000008a600000|100%| E|CS|TAMS 0x000000008a500000, 0x000000008a500000| Complete 
| 138|0x000000008a600000, 0x000000008a700000, 0x000000008a700000|100%| E|CS|TAMS 0x000000008a600000, 0x000000008a600000| Complete 
| 139|0x000000008a700000, 0x000000008a800000, 0x000000008a800000|100%| E|CS|TAMS 0x000000008a700000, 0x000000008a700000| Complete 
| 140|0x000000008a800000, 0x000000008a900000, 0x000000008a900000|100%| E|CS|TAMS 0x000000008a800000, 0x000000008a800000| Complete 
| 141|0x000000008a900000, 0x000000008aa00000, 0x000000008aa00000|100%| E|CS|TAMS 0x000000008a900000, 0x000000008a900000| Complete 
| 142|0x000000008aa00000, 0x000000008ab00000, 0x000000008ab00000|100%| E|CS|TAMS 0x000000008aa00000, 0x000000008aa00000| Complete 
| 143|0x000000008ab00000, 0x000000008ac00000, 0x000000008ac00000|100%| E|CS|TAMS 0x000000008ab00000, 0x000000008ab00000| Complete 
| 144|0x000000008ac00000, 0x000000008ad00000, 0x000000008ad00000|100%| E|CS|TAMS 0x000000008ac00000, 0x000000008ac00000| Complete 
| 145|0x000000008ad00000, 0x000000008ae00000, 0x000000008ae00000|100%| E|CS|TAMS 0x000000008ad00000, 0x000000008ad00000| Complete 
| 146|0x000000008ae00000, 0x000000008af00000, 0x000000008af00000|100%| E|CS|TAMS 0x000000008ae00000, 0x000000008ae00000| Complete 
| 147|0x000000008af00000, 0x000000008b000000, 0x000000008b000000|100%| E|CS|TAMS 0x000000008af00000, 0x000000008af00000| Complete 
| 148|0x000000008b000000, 0x000000008b100000, 0x000000008b100000|100%| E|CS|TAMS 0x000000008b000000, 0x000000008b000000| Complete 
| 149|0x000000008b100000, 0x000000008b200000, 0x000000008b200000|100%| E|CS|TAMS 0x000000008b100000, 0x000000008b100000| Complete 
| 150|0x000000008b200000, 0x000000008b300000, 0x000000008b300000|100%| E|CS|TAMS 0x000000008b200000, 0x000000008b200000| Complete 
| 151|0x000000008b300000, 0x000000008b400000, 0x000000008b400000|100%| E|CS|TAMS 0x000000008b300000, 0x000000008b300000| Complete 
| 152|0x000000008b400000, 0x000000008b500000, 0x000000008b500000|100%| E|CS|TAMS 0x000000008b400000, 0x000000008b400000| Complete 
| 153|0x000000008b500000, 0x000000008b600000, 0x000000008b600000|100%| E|CS|TAMS 0x000000008b500000, 0x000000008b500000| Complete 
| 154|0x000000008b600000, 0x000000008b700000, 0x000000008b700000|100%| E|CS|TAMS 0x000000008b600000, 0x000000008b600000| Complete 
| 155|0x000000008b700000, 0x000000008b800000, 0x000000008b800000|100%| E|CS|TAMS 0x000000008b700000, 0x000000008b700000| Complete 
| 156|0x000000008b800000, 0x000000008b900000, 0x000000008b900000|100%| E|CS|TAMS 0x000000008b800000, 0x000000008b800000| Complete 
| 157|0x000000008b900000, 0x000000008ba00000, 0x000000008ba00000|100%| E|CS|TAMS 0x000000008b900000, 0x000000008b900000| Complete 
| 158|0x000000008ba00000, 0x000000008bb00000, 0x000000008bb00000|100%| E|CS|TAMS 0x000000008ba00000, 0x000000008ba00000| Complete 
| 159|0x000000008bb00000, 0x000000008bc00000, 0x000000008bc00000|100%| E|CS|TAMS 0x000000008bb00000, 0x000000008bb00000| Complete 
| 160|0x000000008bc00000, 0x000000008bd00000, 0x000000008bd00000|100%| E|CS|TAMS 0x000000008bc00000, 0x000000008bc00000| Complete 
| 161|0x000000008bd00000, 0x000000008be00000, 0x000000008be00000|100%| E|CS|TAMS 0x000000008bd00000, 0x000000008bd00000| Complete 
| 162|0x000000008be00000, 0x000000008bf00000, 0x000000008bf00000|100%| E|CS|TAMS 0x000000008be00000, 0x000000008be00000| Complete 
| 163|0x000000008bf00000, 0x000000008c000000, 0x000000008c000000|100%| E|CS|TAMS 0x000000008bf00000, 0x000000008bf00000| Complete 
| 164|0x000000008c000000, 0x000000008c100000, 0x000000008c100000|100%| E|CS|TAMS 0x000000008c000000, 0x000000008c000000| Complete 
| 165|0x000000008c100000, 0x000000008c200000, 0x000000008c200000|100%| E|CS|TAMS 0x000000008c100000, 0x000000008c100000| Complete 
| 166|0x000000008c200000, 0x000000008c300000, 0x000000008c300000|100%| E|CS|TAMS 0x000000008c200000, 0x000000008c200000| Complete 
| 167|0x000000008c300000, 0x000000008c400000, 0x000000008c400000|100%| E|CS|TAMS 0x000000008c300000, 0x000000008c300000| Complete 
| 184|0x000000008d400000, 0x000000008d500000, 0x000000008d500000|100%| E|CS|TAMS 0x000000008d400000, 0x000000008d400000| Complete 
| 185|0x000000008d500000, 0x000000008d600000, 0x000000008d600000|100%| E|CS|TAMS 0x000000008d500000, 0x000000008d500000| Complete 

Card table byte_map: [0x00000214e1e20000,0x00000214e2220000] _byte_map_base: 0x00000214e1a12000

Marking Bits (Prev, Next): (CMBitMap*) 0x00000214d5574f90, (CMBitMap*) 0x00000214d5574f50
 Prev Bits: [0x00000214e45b0000, 0x00000214e6540000)
 Next Bits: [0x00000214e2620000, 0x00000214e45b0000)

Polling page: 0x00000214d52f0000

Metaspace:

Usage:
  Non-class:     77.61 MB used.
      Class:     13.18 MB used.
       Both:     90.78 MB used.

Virtual space:
  Non-class space:      128.00 MB reserved,      77.94 MB ( 61%) committed,  2 nodes.
      Class space:        1.00 GB reserved,      13.50 MB (  1%) committed,  1 nodes.
             Both:        1.12 GB reserved,      91.44 MB (  8%) committed. 

Chunk freelists:
   Non-Class:  1.50 MB
       Class:  2.30 MB
        Both:  3.80 MB

MaxMetaspaceSize: unlimited
CompressedClassSpaceSize: 1.00 GB
Initial GC threshold: 21.00 MB
Current GC threshold: 121.50 MB
CDS: on
MetaspaceReclaimPolicy: balanced
 - commit_granule_bytes: 65536.
 - commit_granule_words: 8192.
 - virtual_space_node_default_size: 8388608.
 - enlarge_chunks_in_place: 1.
 - new_chunks_are_fully_committed: 0.
 - uncommit_free_chunks: 1.
 - use_allocation_guard: 0.
 - handle_deallocations: 1.


Internal statistics:

num_allocs_failed_limit: 9.
num_arena_births: 1030.
num_arena_deaths: 0.
num_vsnodes_births: 3.
num_vsnodes_deaths: 0.
num_space_committed: 1463.
num_space_uncommitted: 0.
num_chunks_returned_to_freelist: 9.
num_chunks_taken_from_freelist: 4492.
num_chunk_merges: 9.
num_chunk_splits: 3253.
num_chunks_enlarged: 2559.
num_inconsistent_stats: 0.

CodeCache: size=49152Kb used=16936Kb max_used=17730Kb free=32215Kb
 bounds [0x00000214de580000, 0x00000214df6f0000, 0x00000214e1580000]
 total_blobs=10792 nmethods=10029 adapters=689
 compilation: enabled
              stopped_count=0, restarted_count=0
 full_count=0

Compilation events (20 events):
Event: 1630.735 Thread 0x00000214e8b59c00 9999       1       org.apache.tomcat.util.buf.CharChunk::setChars (31 bytes)
Event: 1630.735 Thread 0x00000214e8b59c00 nmethod 9999 0x00000214df6b5490 code [0x00000214df6b5620, 0x00000214df6b5738]
Event: 1630.735 Thread 0x00000214e8b59c00 10002       1       org.apache.catalina.core.StandardWrapper::isEnabled (5 bytes)
Event: 1630.735 Thread 0x00000214e8b59c00 nmethod 10002 0x00000214df6b5190 code [0x00000214df6b5320, 0x00000214df6b53f8]
Event: 1630.735 Thread 0x00000214e8b59c00 10000       1       org.apache.coyote.Request::getCookies (5 bytes)
Event: 1630.736 Thread 0x00000214e8b59c00 nmethod 10000 0x00000214df6b4e90 code [0x00000214df6b5020, 0x00000214df6b50f8]
Event: 1630.736 Thread 0x00000214e8b59c00 10003       1       jakarta.servlet.http.HttpServletRequestWrapper::<init> (6 bytes)
Event: 1630.737 Thread 0x00000214e8b59c00 nmethod 10003 0x00000214df6b4990 code [0x00000214df6b4b40, 0x00000214df6b4d58]
Event: 1630.737 Thread 0x00000214e8b59c00 10004       1       jakarta.servlet.ServletRequestWrapper::<init> (30 bytes)
Event: 1630.737 Thread 0x00000214e8b59c00 nmethod 10004 0x00000214df6b4490 code [0x00000214df6b4640, 0x00000214df6b4858]
Event: 1630.738 Thread 0x00000214e8b59c00 10005       1       org.springframework.web.servlet.handler.AbstractHandlerMapping::getHandler (244 bytes)
Event: 1630.746 Thread 0x00000214e8b59c00 nmethod 10005 0x00000214df6b3290 code [0x00000214df6b35c0, 0x00000214df6b3ec8]
Event: 1630.746 Thread 0x00000214e8b59c00 10006       1       org.springframework.web.util.WebUtils::getNativeRequest (37 bytes)
Event: 1630.746 Thread 0x00000214e8b59c00 nmethod 10006 0x00000214df6b2e10 code [0x00000214df6b2fc0, 0x00000214df6b31a8]
Event: 1630.746 Thread 0x00000214e8b59c00 10007       1       jakarta.servlet.ServletRequestWrapper::getContentType (10 bytes)
Event: 1630.747 Thread 0x00000214e8b59c00 nmethod 10007 0x00000214df6b2b10 code [0x00000214df6b2ca0, 0x00000214df6b2d88]
Event: 1630.747 Thread 0x00000214e8b59c00 10008       1       org.springframework.transaction.support.TransactionSynchronizationUtils::unwrapResourceIfNecessary (40 bytes)
Event: 1630.748 Thread 0x00000214e8b59c00 nmethod 10008 0x00000214df6b2490 code [0x00000214df6b2660, 0x00000214df6b2988]
Event: 1630.748 Thread 0x00000214e8b59c00 10009       1       org.springframework.transaction.support.TransactionSynchronizationUtils$ScopedProxyUnwrapper::unwrapIfNecessary (21 bytes)
Event: 1630.748 Thread 0x00000214e8b59c00 nmethod 10009 0x00000214df6b2090 code [0x00000214df6b2240, 0x00000214df6b23e8]

GC Heap History (20 events):
Event: 27.167 GC heap before
{Heap before GC invocations=16 (full 0):
 garbage-first heap   total 86016K, used 69632K [0x0000000081c00000, 0x0000000100000000)
  region size 1024K, 35 young (35840K), 3 survivors (3072K)
 Metaspace       used 64460K, committed 65024K, reserved 1114112K
  class space    used 9388K, committed 9664K, reserved 1048576K
}
Event: 27.180 GC heap after
{Heap after GC invocations=17 (full 0):
 garbage-first heap   total 86016K, used 39086K [0x0000000081c00000, 0x0000000100000000)
  region size 1024K, 4 young (4096K), 4 survivors (4096K)
 Metaspace       used 64460K, committed 65024K, reserved 1114112K
  class space    used 9388K, committed 9664K, reserved 1048576K
}
Event: 27.771 GC heap before
{Heap before GC invocations=17 (full 0):
 garbage-first heap   total 86016K, used 69806K [0x0000000081c00000, 0x0000000100000000)
  region size 1024K, 34 young (34816K), 4 survivors (4096K)
 Metaspace       used 67648K, committed 68224K, reserved 1114112K
  class space    used 9979K, committed 10240K, reserved 1048576K
}
Event: 27.779 GC heap after
{Heap after GC invocations=18 (full 0):
 garbage-first heap   total 86016K, used 41469K [0x0000000081c00000, 0x0000000100000000)
  region size 1024K, 5 young (5120K), 5 survivors (5120K)
 Metaspace       used 67648K, committed 68224K, reserved 1114112K
  class space    used 9979K, committed 10240K, reserved 1048576K
}
Event: 27.959 GC heap before
{Heap before GC invocations=18 (full 0):
 garbage-first heap   total 86016K, used 69117K [0x0000000081c00000, 0x0000000100000000)
  region size 1024K, 33 young (33792K), 5 survivors (5120K)
 Metaspace       used 69423K, committed 70016K, reserved 1114112K
  class space    used 10363K, committed 10624K, reserved 1048576K
}
Event: 27.966 GC heap after
{Heap after GC invocations=19 (full 0):
 garbage-first heap   total 86016K, used 42577K [0x0000000081c00000, 0x0000000100000000)
  region size 1024K, 4 young (4096K), 4 survivors (4096K)
 Metaspace       used 69423K, committed 70016K, reserved 1114112K
  class space    used 10363K, committed 10624K, reserved 1048576K
}
Event: 28.225 GC heap before
{Heap before GC invocations=19 (full 0):
 garbage-first heap   total 86016K, used 58961K [0x0000000081c00000, 0x0000000100000000)
  region size 1024K, 21 young (21504K), 4 survivors (4096K)
 Metaspace       used 71425K, committed 72064K, reserved 1114112K
  class space    used 10595K, committed 10880K, reserved 1048576K
}
Event: 28.230 GC heap after
{Heap after GC invocations=20 (full 0):
 garbage-first heap   total 86016K, used 43750K [0x0000000081c00000, 0x0000000100000000)
  region size 1024K, 3 young (3072K), 3 survivors (3072K)
 Metaspace       used 71425K, committed 72064K, reserved 1114112K
  class space    used 10595K, committed 10880K, reserved 1048576K
}
Event: 28.755 GC heap before
{Heap before GC invocations=21 (full 0):
 garbage-first heap   total 86016K, used 76518K [0x0000000081c00000, 0x0000000100000000)
  region size 1024K, 29 young (29696K), 3 survivors (3072K)
 Metaspace       used 73028K, committed 73664K, reserved 1114112K
  class space    used 10693K, committed 11008K, reserved 1048576K
}
Event: 28.760 GC heap after
{Heap after GC invocations=22 (full 0):
 garbage-first heap   total 86016K, used 48230K [0x0000000081c00000, 0x0000000100000000)
  region size 1024K, 4 young (4096K), 4 survivors (4096K)
 Metaspace       used 73028K, committed 73664K, reserved 1114112K
  class space    used 10693K, committed 11008K, reserved 1048576K
}
Event: 28.765 GC heap before
{Heap before GC invocations=22 (full 0):
 garbage-first heap   total 86016K, used 49254K [0x0000000081c00000, 0x0000000100000000)
  region size 1024K, 5 young (5120K), 4 survivors (4096K)
 Metaspace       used 73028K, committed 73664K, reserved 1114112K
  class space    used 10693K, committed 11008K, reserved 1048576K
}
Event: 28.770 GC heap after
{Heap after GC invocations=23 (full 0):
 garbage-first heap   total 86016K, used 48648K [0x0000000081c00000, 0x0000000100000000)
  region size 1024K, 1 young (1024K), 1 survivors (1024K)
 Metaspace       used 73028K, committed 73664K, reserved 1114112K
  class space    used 10693K, committed 11008K, reserved 1048576K
}
Event: 29.412 GC heap before
{Heap before GC invocations=23 (full 0):
 garbage-first heap   total 86016K, used 68104K [0x0000000081c00000, 0x0000000100000000)
  region size 1024K, 20 young (20480K), 1 survivors (1024K)
 Metaspace       used 73785K, committed 74432K, reserved 1114112K
  class space    used 10800K, committed 11136K, reserved 1048576K
}
Event: 29.417 GC heap after
{Heap after GC invocations=24 (full 0):
 garbage-first heap   total 190464K, used 49993K [0x0000000081c00000, 0x0000000100000000)
  region size 1024K, 2 young (2048K), 2 survivors (2048K)
 Metaspace       used 73785K, committed 74432K, reserved 1114112K
  class space    used 10800K, committed 11136K, reserved 1048576K
}
Event: 33.959 GC heap before
{Heap before GC invocations=25 (full 0):
 garbage-first heap   total 174080K, used 146249K [0x0000000081c00000, 0x0000000100000000)
  region size 1024K, 96 young (98304K), 2 survivors (2048K)
 Metaspace       used 80195K, committed 80896K, reserved 1179648K
  class space    used 11751K, committed 12096K, reserved 1048576K
}
Event: 33.968 GC heap after
{Heap after GC invocations=26 (full 0):
 garbage-first heap   total 174080K, used 54787K [0x0000000081c00000, 0x0000000100000000)
  region size 1024K, 7 young (7168K), 7 survivors (7168K)
 Metaspace       used 80195K, committed 80896K, reserved 1179648K
  class space    used 11751K, committed 12096K, reserved 1048576K
}
Event: 34.003 GC heap before
{Heap before GC invocations=26 (full 0):
 garbage-first heap   total 174080K, used 54787K [0x0000000081c00000, 0x0000000100000000)
  region size 1024K, 8 young (8192K), 7 survivors (7168K)
 Metaspace       used 80304K, committed 81024K, reserved 1179648K
  class space    used 11765K, committed 12096K, reserved 1048576K
}
Event: 34.011 GC heap after
{Heap after GC invocations=27 (full 0):
 garbage-first heap   total 174080K, used 54901K [0x0000000081c00000, 0x0000000100000000)
  region size 1024K, 1 young (1024K), 1 survivors (1024K)
 Metaspace       used 80304K, committed 81024K, reserved 1179648K
  class space    used 11765K, committed 12096K, reserved 1048576K
}
Event: 889.534 GC heap before
{Heap before GC invocations=27 (full 0):
 garbage-first heap   total 174080K, used 133749K [0x0000000081c00000, 0x0000000100000000)
  region size 1024K, 79 young (80896K), 1 survivors (1024K)
 Metaspace       used 91882K, committed 92608K, reserved 1179648K
  class space    used 13350K, committed 13696K, reserved 1048576K
}
Event: 889.764 GC heap after
{Heap after GC invocations=28 (full 0):
 garbage-first heap   total 174080K, used 57909K [0x0000000081c00000, 0x0000000100000000)
  region size 1024K, 4 young (4096K), 4 survivors (4096K)
 Metaspace       used 91882K, committed 92608K, reserved 1179648K
  class space    used 13350K, committed 13696K, reserved 1048576K
}

Deoptimization events (8 events):
Event: 15.349 Thread 0x00000214d53f9fb0 DEOPT PACKING pc=0x00000214dea2d8ec sp=0x000000a10c2fdce0
Event: 15.349 Thread 0x00000214d53f9fb0 DEOPT UNPACKING pc=0x00000214de5d2b43 sp=0x000000a10c2fd1a0 mode 0
Event: 34.785 Thread 0x00000214d53f9fb0 DEOPT PACKING pc=0x00000214df0f20dc sp=0x000000a10c2fd680
Event: 34.785 Thread 0x00000214d53f9fb0 DEOPT UNPACKING pc=0x00000214de5d2b43 sp=0x000000a10c2fcb28 mode 0
Event: 34.794 Thread 0x00000214d53f9fb0 DEOPT PACKING pc=0x00000214de95aa99 sp=0x000000a10c2fdc50
Event: 34.794 Thread 0x00000214d53f9fb0 DEOPT UNPACKING pc=0x00000214de5d2b43 sp=0x000000a10c2fd0f0 mode 3
Event: 34.832 Thread 0x00000214ef66f520 DEOPT PACKING pc=0x00000214de95252f sp=0x000000a10dcfee10
Event: 34.832 Thread 0x00000214ef66f520 DEOPT UNPACKING pc=0x00000214de5d2b43 sp=0x000000a10dcfe278 mode 3

Classes unloaded (0 events):
No events

Classes redefined (0 events):
No events

Internal exceptions (20 events):
Event: 33.859 Thread 0x00000214d53f9fb0 Exception <a 'java/lang/IncompatibleClassChangeError'{0x0000000086e49208}: Found class java.lang.Object, but interface was expected> (0x0000000086e49208) 
thrown [s\open\src\hotspot\share\interpreter\linkResolver.cpp, line 826]
Event: 33.948 Thread 0x00000214d53f9fb0 Exception <a 'java/lang/NoSuchMethodError'{0x00000000868563d0}: 'void java.lang.invoke.DirectMethodHandle$Holder.invokeVirtual(java.lang.Object, java.lang.Object, long)'> (0x00000000868563d0) 
thrown [s\open\src\hotspot\share\interpreter\linkResolver.cpp, line 759]
Event: 34.030 Thread 0x00000214d53f9fb0 Exception <a 'java/lang/NoSuchMethodError'{0x000000008d5d02f8}: 'double java.lang.invoke.DirectMethodHandle$Holder.invokeVirtual(java.lang.Object, java.lang.Object)'> (0x000000008d5d02f8) 
thrown [s\open\src\hotspot\share\interpreter\linkResolver.cpp, line 759]
Event: 34.089 Thread 0x00000214d53f9fb0 Exception <a 'java/lang/NoSuchMethodError'{0x000000008c1565c8}: 'java.lang.Object java.lang.invoke.DirectMethodHandle$Holder.invokeStatic(java.lang.Object, java.lang.Object, java.lang.Object, java.lang.Object, int, java.lang.Object, java.lang.Object)'> (0x000000008c1565c8) 
thrown [s\open\src\hotspot\share\interpreter\linkResolver.cpp, line 759]
Event: 34.716 Thread 0x00000214d53f9fb0 Exception <a 'java/lang/NoSuchMethodError'{0x000000008b1a5d40}: 'java.lang.Object java.lang.invoke.DirectMethodHandle$Holder.invokeStatic(java.lang.Object, int, int)'> (0x000000008b1a5d40) 
thrown [s\open\src\hotspot\share\interpreter\linkResolver.cpp, line 759]
Event: 101.365 Thread 0x00000214f042c570 Exception <a 'java/lang/NoSuchMethodError'{0x000000008a15dc30}: 'java.lang.Object java.lang.invoke.DirectMethodHandle$Holder.invokeSpecial(java.lang.Object, java.lang.Object, java.lang.Object, java.lang.Object, java.lang.Object, long)'> (0x000000008a15dc30) 
thrown [s\open\src\hotspot\share\interpreter\linkResolver.cpp, line 759]
Event: 101.365 Thread 0x00000214f042c570 Exception <a 'java/lang/NoSuchMethodError'{0x000000008a161670}: 'java.lang.Object java.lang.invoke.Invokers$Holder.linkToTargetMethod(java.lang.Object, java.lang.Object, java.lang.Object, long, java.lang.Object)'> (0x000000008a161670) 
thrown [s\open\src\hotspot\share\interpreter\linkResolver.cpp, line 759]
Event: 101.665 Thread 0x00000214f042c570 Exception <a 'java/lang/NoSuchMethodError'{0x0000000089a546b0}: 'void java.lang.invoke.DirectMethodHandle$Holder.invokeSpecialIFC(java.lang.Object, java.lang.Object, int, java.lang.Object, java.lang.Object, java.lang.Object, java.lang.Object)'> (0x0000000089a546b0) 
thrown [s\open\src\hotspot\share\interpreter\linkResolver.cpp, line 759]
Event: 101.823 Thread 0x00000214f042c570 Exception <a 'java/lang/IncompatibleClassChangeError'{0x00000000898762b8}: Found class java.lang.Object, but interface was expected> (0x00000000898762b8) 
thrown [s\open\src\hotspot\share\interpreter\linkResolver.cpp, line 826]
Event: 101.902 Thread 0x00000214f042c570 Exception <a 'java/lang/IncompatibleClassChangeError'{0x000000008978b818}: Found class java.lang.Object, but interface was expected> (0x000000008978b818) 
thrown [s\open\src\hotspot\share\interpreter\linkResolver.cpp, line 826]
Event: 247.080 Thread 0x00000214f0533a90 Exception <a 'sun/net/ConnectionResetException'{0x000000008899b0f8}: Connection reset> (0x000000008899b0f8) 
thrown [s\open\src\hotspot\share\prims\jni.cpp, line 535]
Event: 247.085 Thread 0x00000214f0533a90 Exception <a 'java/io/IOException'{0x00000000889a06e0}: Connection reset by peer> (0x00000000889a06e0) 
thrown [s\open\src\hotspot\share\prims\jni.cpp, line 535]
Event: 307.962 Thread 0x00000214f0533a90 Exception <a 'sun/net/ConnectionResetException'{0x00000000888d0888}: Connection reset> (0x00000000888d0888) 
thrown [s\open\src\hotspot\share\prims\jni.cpp, line 535]
Event: 307.963 Thread 0x00000214f0533a90 Exception <a 'java/io/IOException'{0x00000000888d4470}: Connection reset by peer> (0x00000000888d4470) 
thrown [s\open\src\hotspot\share\prims\jni.cpp, line 535]
Event: 338.267 Thread 0x00000214f0533a90 Exception <a 'sun/net/ConnectionResetException'{0x00000000887ab678}: Connection reset> (0x00000000887ab678) 
thrown [s\open\src\hotspot\share\prims\jni.cpp, line 535]
Event: 338.268 Thread 0x00000214f0533a90 Exception <a 'java/io/IOException'{0x00000000887af260}: Connection reset by peer> (0x00000000887af260) 
thrown [s\open\src\hotspot\share\prims\jni.cpp, line 535]
Event: 1011.217 Thread 0x00000214f0537750 Exception <a 'sun/net/ConnectionResetException'{0x000000008c1da2b8}: Connection reset> (0x000000008c1da2b8) 
thrown [s\open\src\hotspot\share\prims\jni.cpp, line 535]
Event: 1011.219 Thread 0x00000214f0537750 Exception <a 'java/io/IOException'{0x000000008c1dd6a8}: Connection reset by peer> (0x000000008c1dd6a8) 
thrown [s\open\src\hotspot\share\prims\jni.cpp, line 535]
Event: 1524.563 Thread 0x00000214f0537750 Exception <a 'sun/net/ConnectionResetException'{0x000000008a766c60}: Connection reset> (0x000000008a766c60) 
thrown [s\open\src\hotspot\share\prims\jni.cpp, line 535]
Event: 1524.567 Thread 0x00000214f0537750 Exception <a 'java/io/IOException'{0x000000008a76a050}: Connection reset by peer> (0x000000008a76a050) 
thrown [s\open\src\hotspot\share\prims\jni.cpp, line 535]

VM Operations (20 events):
Event: 1495.119 Executing VM operation: Cleanup
Event: 1495.119 Executing VM operation: Cleanup done
Event: 1519.257 Executing VM operation: Cleanup
Event: 1519.257 Executing VM operation: Cleanup done
Event: 1536.357 Executing VM operation: Cleanup
Event: 1536.357 Executing VM operation: Cleanup done
Event: 1555.485 Executing VM operation: Cleanup
Event: 1555.485 Executing VM operation: Cleanup done
Event: 1563.862 Executing VM operation: HandshakeAllThreads
Event: 1563.862 Executing VM operation: HandshakeAllThreads done
Event: 1616.186 Executing VM operation: Cleanup
Event: 1616.186 Executing VM operation: Cleanup done
Event: 1627.272 Executing VM operation: Cleanup
Event: 1627.303 Executing VM operation: Cleanup done
Event: 1628.318 Executing VM operation: Cleanup
Event: 1628.318 Executing VM operation: Cleanup done
Event: 1629.330 Executing VM operation: Cleanup
Event: 1629.330 Executing VM operation: Cleanup done
Event: 1630.234 Executing VM operation: HandshakeAllThreads
Event: 1630.236 Executing VM operation: HandshakeAllThreads done

Events (20 events):
Event: 1000.429 Thread 0x00000214ee62a4f0 Thread exited: 0x00000214ee62a4f0
Event: 1005.437 Thread 0x00000214ee629fd0 Thread exited: 0x00000214ee629fd0
Event: 1064.852 Thread 0x00000214ee62b5f0 Thread added: 0x00000214ee62b5f0
Event: 1066.886 Thread 0x00000214ee62b5f0 Thread exited: 0x00000214ee62b5f0
Event: 1067.049 Thread 0x00000214ee62b5f0 Thread added: 0x00000214ee62b5f0
Event: 1080.580 Thread 0x00000214ee62b5f0 Thread exited: 0x00000214ee62b5f0
Event: 1093.201 Thread 0x00000214ee0a49d0 Thread added: 0x00000214ee0a49d0
Event: 1093.385 Thread 0x00000214ee1560a0 Thread added: 0x00000214ee1560a0
Event: 1095.577 Thread 0x00000214ee1560a0 Thread exited: 0x00000214ee1560a0
Event: 1095.577 Thread 0x00000214ee0a49d0 Thread exited: 0x00000214ee0a49d0
Event: 1494.465 Thread 0x00000214f076afc0 Thread added: 0x00000214f076afc0
Event: 1494.467 Thread 0x00000214f076b4e0 Thread added: 0x00000214f076b4e0
Event: 1499.655 Thread 0x00000214f076b4e0 Thread exited: 0x00000214f076b4e0
Event: 1499.655 Thread 0x00000214f076afc0 Thread exited: 0x00000214f076afc0
Event: 1554.867 Thread 0x00000214f076afc0 Thread added: 0x00000214f076afc0
Event: 1560.015 Thread 0x00000214f076afc0 Thread exited: 0x00000214f076afc0
Event: 1628.489 loading class sun/security/ssl/Alert$AlertMessage
Event: 1628.492 loading class sun/security/ssl/Alert$AlertMessage done
Event: 1628.544 Thread 0x00000214f0533070 Thread added: 0x00000214f0533070
Event: 1628.547 Thread 0x00000214f053a9f0 Thread added: 0x00000214f053a9f0


Dynamic libraries:
0x00007ff68f870000 - 0x00007ff68f880000 	C:\Program Files\Java\jdk-17\bin\java.exe
0x00007ffd38970000 - 0x00007ffd38b68000 	C:\Windows\SYSTEM32\ntdll.dll
0x00007ffd01ac0000 - 0x00007ffd01ada000 	C:\Program Files\Avast Software\Avast\aswhook.dll
0x00007ffd36a30000 - 0x00007ffd36af2000 	C:\Windows\System32\KERNEL32.DLL
0x00007ffd36410000 - 0x00007ffd36706000 	C:\Windows\System32\KERNELBASE.dll
0x00007ffd36260000 - 0x00007ffd36360000 	C:\Windows\System32\ucrtbase.dll
0x00007ffd286f0000 - 0x00007ffd28709000 	C:\Program Files\Java\jdk-17\bin\jli.dll
0x00007ffd379d0000 - 0x00007ffd37a7f000 	C:\Windows\System32\ADVAPI32.dll
0x00007ffd38770000 - 0x00007ffd3880e000 	C:\Windows\System32\msvcrt.dll
0x00007ffd36990000 - 0x00007ffd36a2f000 	C:\Windows\System32\sechost.dll
0x00007ffd375f0000 - 0x00007ffd37713000 	C:\Windows\System32\RPCRT4.dll
0x00007ffd36030000 - 0x00007ffd36057000 	C:\Windows\System32\bcrypt.dll
0x00007ffd37390000 - 0x00007ffd3752d000 	C:\Windows\System32\USER32.dll
0x00007ffd36000000 - 0x00007ffd36022000 	C:\Windows\System32\win32u.dll
0x00007ffd37550000 - 0x00007ffd3757b000 	C:\Windows\System32\GDI32.dll
0x00007ffd36140000 - 0x00007ffd3625a000 	C:\Windows\System32\gdi32full.dll
0x00007ffd36790000 - 0x00007ffd3682d000 	C:\Windows\System32\msvcp_win.dll
0x00007ffd286d0000 - 0x00007ffd286eb000 	C:\Program Files\Java\jdk-17\bin\VCRUNTIME140.dll
0x00007ffd219d0000 - 0x00007ffd21c6a000 	C:\Windows\WinSxS\amd64_microsoft.windows.common-controls_6595b64144ccf1df_6.0.19041.4355_none_60b8b9eb71f62e16\COMCTL32.dll
0x00007ffd2eaa0000 - 0x00007ffd2eaaa000 	C:\Windows\SYSTEM32\VERSION.dll
0x00007ffd372d0000 - 0x00007ffd372ff000 	C:\Windows\System32\IMM32.DLL
0x00007ffd30320000 - 0x00007ffd3032c000 	C:\Program Files\Java\jdk-17\bin\vcruntime140_1.dll
0x00007ffd1a520000 - 0x00007ffd1a5ae000 	C:\Program Files\Java\jdk-17\bin\msvcp140.dll
0x00007ffcf0550000 - 0x00007ffcf1130000 	C:\Program Files\Java\jdk-17\bin\server\jvm.dll
0x00007ffd375e0000 - 0x00007ffd375e8000 	C:\Windows\System32\PSAPI.DLL
0x00007ffd1e130000 - 0x00007ffd1e139000 	C:\Windows\SYSTEM32\WSOCK32.dll
0x00007ffd38350000 - 0x00007ffd383bb000 	C:\Windows\System32\WS2_32.dll
0x00007ffd22020000 - 0x00007ffd22047000 	C:\Windows\SYSTEM32\WINMM.dll
0x00007ffd347e0000 - 0x00007ffd347f2000 	C:\Windows\SYSTEM32\kernel.appcore.dll
0x00007ffd2dcc0000 - 0x00007ffd2dcca000 	C:\Program Files\Java\jdk-17\bin\jimage.dll
0x00007ffd33cf0000 - 0x00007ffd33ed4000 	C:\Windows\SYSTEM32\DBGHELP.DLL
0x00007ffd2a650000 - 0x00007ffd2a684000 	C:\Windows\SYSTEM32\dbgcore.DLL
0x00007ffd36060000 - 0x00007ffd360e2000 	C:\Windows\System32\bcryptPrimitives.dll
0x00007ffd22aa0000 - 0x00007ffd22ac5000 	C:\Program Files\Java\jdk-17\bin\java.dll
0x00007ffd173e0000 - 0x00007ffd174b7000 	C:\Program Files\Java\jdk-17\bin\jsvml.dll
0x00007ffd36b00000 - 0x00007ffd3726f000 	C:\Windows\System32\SHELL32.dll
0x00007ffd34020000 - 0x00007ffd347c3000 	C:\Windows\SYSTEM32\windows.storage.dll
0x00007ffd37a80000 - 0x00007ffd37dd5000 	C:\Windows\System32\combase.dll
0x00007ffd35950000 - 0x00007ffd3597b000 	C:\Windows\SYSTEM32\Wldp.dll
0x00007ffd37850000 - 0x00007ffd3791d000 	C:\Windows\System32\OLEAUT32.dll
0x00007ffd37920000 - 0x00007ffd379cd000 	C:\Windows\System32\SHCORE.dll
0x00007ffd37270000 - 0x00007ffd372c5000 	C:\Windows\System32\shlwapi.dll
0x00007ffd35f30000 - 0x00007ffd35f55000 	C:\Windows\SYSTEM32\profapi.dll
0x00007ffd28170000 - 0x00007ffd28189000 	C:\Program Files\Java\jdk-17\bin\net.dll
0x00007ffd2b7e0000 - 0x00007ffd2b8ea000 	C:\Windows\SYSTEM32\WINHTTP.dll
0x00007ffd35730000 - 0x00007ffd3579c000 	C:\Windows\system32\mswsock.dll
0x00007ffd21320000 - 0x00007ffd21336000 	C:\Program Files\Java\jdk-17\bin\nio.dll
0x00007ffd21300000 - 0x00007ffd21318000 	C:\Program Files\Java\jdk-17\bin\zip.dll
0x00007ffd353e0000 - 0x00007ffd3541b000 	C:\Windows\SYSTEM32\IPHLPAPI.DLL
0x00007ffd383c0000 - 0x00007ffd383c8000 	C:\Windows\System32\NSI.dll
0x00007ffd2ea60000 - 0x00007ffd2ea77000 	C:\Windows\SYSTEM32\dhcpcsvc6.DLL
0x00007ffd2e530000 - 0x00007ffd2e54d000 	C:\Windows\SYSTEM32\dhcpcsvc.DLL
0x00007ffd35430000 - 0x00007ffd354fa000 	C:\Windows\SYSTEM32\DNSAPI.dll
0x00007ffd31b10000 - 0x00007ffd31b1e000 	C:\Program Files\Java\jdk-17\bin\sunmscapi.dll
0x00007ffd36830000 - 0x00007ffd3698d000 	C:\Windows\System32\CRYPT32.dll
0x00007ffd35aa0000 - 0x00007ffd35ac7000 	C:\Windows\SYSTEM32\ncrypt.dll
0x00007ffd35a60000 - 0x00007ffd35a9b000 	C:\Windows\SYSTEM32\NTASN1.dll
0x00007ffd2eae0000 - 0x00007ffd2eaea000 	C:\Windows\System32\rasadhlp.dll
0x00007ffd23960000 - 0x00007ffd239e0000 	C:\Windows\System32\fwpuclnt.dll
0x00007ffd28610000 - 0x00007ffd28620000 	C:\Program Files\Java\jdk-17\bin\verify.dll
0x00007ffd35990000 - 0x00007ffd359a8000 	C:\Windows\SYSTEM32\CRYPTSP.dll
0x00007ffd35000000 - 0x00007ffd35038000 	C:\Windows\system32\rsaenh.dll
0x00007ffd35ef0000 - 0x00007ffd35f1e000 	C:\Windows\SYSTEM32\USERENV.dll
0x00007ffd358c0000 - 0x00007ffd358cc000 	C:\Windows\SYSTEM32\CRYPTBASE.dll
0x00007ffd2a510000 - 0x00007ffd2a51a000 	C:\Program Files\Java\jdk-17\bin\management.dll
0x00007ffd2a500000 - 0x00007ffd2a50b000 	C:\Program Files\Java\jdk-17\bin\management_ext.dll
0x00007ffd2ec30000 - 0x00007ffd2ec37000 	C:\Windows\system32\wshunix.dll

dbghelp: loaded successfully - version: 4.0.5 - missing functions: none
symbol engine: initialized successfully - sym options: 0x614 - pdb path: .;C:\Program Files\Java\jdk-17\bin;C:\Windows\SYSTEM32;C:\Program Files\Avast Software\Avast;C:\Windows\WinSxS\amd64_microsoft.windows.common-controls_6595b64144ccf1df_6.0.19041.4355_none_60b8b9eb71f62e16;C:\Program Files\Java\jdk-17\bin\server

VM Arguments:
jvm_args: -XX:TieredStopAtLevel=1 
java_command: com.dpc.user_service.UserServiceApplication
java_class_path (initial): C:\Users\asus\Desktop\Find Me\find-me-back-2.1\User_service\target\classes;C:\Users\asus\.m2\repository\org\springframework\boot\spring-boot\3.4.3\spring-boot-3.4.3.jar;C:\Users\asus\.m2\repository\org\springframework\boot\spring-boot-autoconfigure\3.4.3\spring-boot-autoconfigure-3.4.3.jar;C:\Users\asus\.m2\repository\ch\qos\logback\logback-classic\1.5.16\logback-classic-1.5.16.jar;C:\Users\asus\.m2\repository\ch\qos\logback\logback-core\1.5.16\logback-core-1.5.16.jar;C:\Users\asus\.m2\repository\org\apache\logging\log4j\log4j-to-slf4j\2.24.3\log4j-to-slf4j-2.24.3.jar;C:\Users\asus\.m2\repository\org\apache\logging\log4j\log4j-api\2.24.3\log4j-api-2.24.3.jar;C:\Users\asus\.m2\repository\org\slf4j\jul-to-slf4j\2.0.16\jul-to-slf4j-2.0.16.jar;C:\Users\asus\.m2\repository\jakarta\annotation\jakarta.annotation-api\2.1.1\jakarta.annotation-api-2.1.1.jar;C:\Users\asus\.m2\repository\org\yaml\snakeyaml\2.3\snakeyaml-2.3.jar;C:\Users\asus\.m2\repository\com\zaxxer\HikariCP\5.1.0\HikariCP-5.1.0.jar;C:\Users\asus\.m2\repository\org\springframework\spring-jdbc\6.2.3\spring-jdbc-6.2.3.jar;C:\Users\asus\.m2\repository\org\hibernate\orm\hibernate-core\6.6.8.Final\hibernate-core-6.6.8.Final.jar;C:\Users\asus\.m2\repository\jakarta\persistence\jakarta.persistence-api\3.1.0\jakarta.persistence-api-3.1.0.jar;C:\Users\asus\.m2\repository\jakarta\transaction\jakarta.transaction-api\2.0.1\jakarta.transaction-api-2.0.1.jar;C:\Users\asus\.m2\repository\org\jboss\logging\jboss-logging\3.6.1.Final\jboss-logging-3.6.1.Final.jar;C:\Users\asus\.m2\repository\org\hibernate\common\hibernate-commons-annotations\7.0.3.Final\hibernate-commons-annotations-7.0.3.Final.jar;C:\Users\asus\.m2\repository\io\smallrye\jandex\3.2.0\jandex-3.2.0.jar;C:\Users\asus\.m2\repository\com\fasterxml\classmate\1.7.0\classmate-1.7.0.jar;C:\Users\asus\.m2\repository\net\bytebuddy\byte-buddy\1.15.11\byte-buddy-1.15.11.jar;C:\Users\asus\.m2\repository\org\glassfish\jaxb\jaxb-runtime\4.0.5\jaxb
Launcher Type: SUN_STANDARD

[Global flags]
     intx CICompilerCount                          = 3                                         {product} {ergonomic}
     uint ConcGCThreads                            = 1                                         {product} {ergonomic}
     uint G1ConcRefinementThreads                  = 4                                         {product} {ergonomic}
   size_t G1HeapRegionSize                         = 1048576                                   {product} {ergonomic}
    uintx GCDrainStackTargetSize                   = 64                                        {product} {ergonomic}
   size_t InitialHeapSize                          = 134217728                                 {product} {ergonomic}
   size_t MarkStackSize                            = 4194304                                   {product} {ergonomic}
   size_t MaxHeapSize                              = 2118123520                                {product} {ergonomic}
   size_t MaxNewSize                               = 1270874112                                {product} {ergonomic}
   size_t MinHeapDeltaBytes                        = 1048576                                   {product} {ergonomic}
   size_t MinHeapSize                              = 8388608                                   {product} {ergonomic}
    uintx NonProfiledCodeHeapSize                  = 0                                      {pd product} {ergonomic}
     bool ProfileInterpreter                       = false                                  {pd product} {command line}
    uintx ProfiledCodeHeapSize                     = 0                                      {pd product} {ergonomic}
   size_t SoftMaxHeapSize                          = 2118123520                             {manageable} {ergonomic}
     intx TieredStopAtLevel                        = 1                                         {product} {command line}
     bool UseCompressedClassPointers               = true                           {product lp64_product} {ergonomic}
     bool UseCompressedOops                        = true                           {product lp64_product} {ergonomic}
     bool UseG1GC                                  = true                                      {product} {ergonomic}
     bool UseLargePagesIndividualAllocation        = false                                  {pd product} {ergonomic}

Logging:
Log output configuration:
 #0: stdout all=warning uptime,level,tags
 #1: stderr all=off uptime,level,tags

Environment Variables:
PATH=C:\Program Files (x86)\VMware\VMware Workstation\bin\;C:\Program Files\Common Files\Oracle\Java\javapath;C:\Windows\system32;C:\Windows;C:\Windows\System32\Wbem;C:\Windows\System32\WindowsPowerShell\v1.0\;C:\Windows\System32\OpenSSH\;C:\Program Files\nodejs\;C:\Program Files\Git\cmd;C:\Program Files\apache-maven-3.9.9\bin;;C:\ProgramData\chocolatey\bin;C:\Users\asus\AppData\Local\Microsoft\WindowsApps;;C:\Program Files\JetBrains\IntelliJ IDEA 2024.2.1\bin;;C:\Users\asus\AppData\Local\Programs\Microsoft VS Code\bin;C:\Users\asus\AppData\Roaming\npm
USERNAME=asus
OS=Windows_NT
PROCESSOR_IDENTIFIER=Intel64 Family 6 Model 142 Stepping 9, GenuineIntel



---------------  S Y S T E M  ---------------

OS:
 Windows 10 , 64 bit Build 19041 (10.0.19041.5678)
OS uptime: 0 days 23:57 hours
Hyper-V role detected

CPU: total 4 (initial active 4) (2 cores per cpu, 2 threads per core) family 6 model 142 stepping 9 microcode 0xb4, cx8, cmov, fxsr, ht, mmx, 3dnowpref, sse, sse2, sse3, ssse3, sse4.1, sse4.2, popcnt, lzcnt, tsc, tscinvbit, avx, avx2, aes, erms, clmul, bmi1, bmi2, adx, fma, vzeroupper, clflush, clflushopt, hv

Memory: 4k page, system-wide physical 8073M (65M free)
TotalPageFile size 24669M (AvailPageFile size 0M)
current process WorkingSet (physical memory assigned to process): 145M, peak: 356M
current process commit charge ("private bytes"): 400M, peak: 400M

vm_info: Java HotSpot(TM) 64-Bit Server VM (17.0.11+7-LTS-207) for windows-amd64 JRE (17.0.11+7-LTS-207), built on Mar 11 2024 19:01:50 by "mach5one" with MS VC++ 17.6 (VS2022)

END.
